Archive member included because of file (symbol)

C:\Users\Jee\Music\Lib_CMSISv1p30_LPC17xx\Debug\libCMSISv1p30_LPC17xx.a(system_LPC17xx.o)
                              ./src/main.o (SystemCoreClock)
C:\Users\Jee\Music\Lib_EaBaseBoard\Debug\libLib_EaBaseBoard.a(acc.o)
                              ./src/main.o (acc_init)
C:\Users\Jee\Music\Lib_EaBaseBoard\Debug\libLib_EaBaseBoard.a(joystick.o)
                              ./src/main.o (joystick_init)
C:\Users\Jee\Music\Lib_EaBaseBoard\Debug\libLib_EaBaseBoard.a(led7seg.o)
                              ./src/main.o (led7seg_init)
C:\Users\Jee\Music\Lib_EaBaseBoard\Debug\libLib_EaBaseBoard.a(light.o)
                              ./src/main.o (light_enable)
C:\Users\Jee\Music\Lib_EaBaseBoard\Debug\libLib_EaBaseBoard.a(oled.o)
                              ./src/main.o (oled_init)
C:\Users\Jee\Music\Lib_EaBaseBoard\Debug\libLib_EaBaseBoard.a(pca9532.o)
                              ./src/main.o (pca9532_init)
C:\Users\Jee\Music\Lib_EaBaseBoard\Debug\libLib_EaBaseBoard.a(rgb.o)
                              ./src/main.o (rgb_init)
C:\Users\Jee\Music\Lib_EaBaseBoard\Debug\libLib_EaBaseBoard.a(rotary.o)
                              ./src/main.o (rotary_init)
C:\Users\Jee\Music\Lib_EaBaseBoard\Debug\libLib_EaBaseBoard.a(font5x7.o)
                              C:\Users\Jee\Music\Lib_EaBaseBoard\Debug\libLib_EaBaseBoard.a(oled.o) (font5x7)
C:\Users\Jee\Music\Lib_MCU\Debug\libLib_MCU.a(lpc17xx_gpio.o)
                              ./src/main.o (GPIO_SetDir)
C:\Users\Jee\Music\Lib_MCU\Debug\libLib_MCU.a(lpc17xx_i2c.o)
                              ./src/main.o (I2C_Init)
C:\Users\Jee\Music\Lib_MCU\Debug\libLib_MCU.a(lpc17xx_libcfg_default.o)
                              C:\Users\Jee\Music\Lib_MCU\Debug\libLib_MCU.a(lpc17xx_i2c.o) (check_failed)
C:\Users\Jee\Music\Lib_MCU\Debug\libLib_MCU.a(lpc17xx_pinsel.o)
                              ./src/main.o (PINSEL_ConfigPin)
C:\Users\Jee\Music\Lib_MCU\Debug\libLib_MCU.a(lpc17xx_ssp.o)
                              ./src/main.o (SSP_Init)
C:\Users\Jee\Music\Lib_MCU\Debug\libLib_MCU.a(lpc17xx_uart.o)
                              ./src/main.o (UART_TxCmd)
C:\Users\Jee\Music\Lib_MCU\Debug\libLib_MCU.a(lpc17xx_clkpwr.o)
                              C:\Users\Jee\Music\Lib_MCU\Debug\libLib_MCU.a(lpc17xx_i2c.o) (CLKPWR_SetPCLKDiv)
c:/nxp/lpcxpresso_6.1.4_194/lpcxpresso/tools/bin/../lib/gcc/arm-none-eabi/4.6.2/armv7-m\libgcc.a(_arm_addsubdf3.o)
                              ./src/main.o (__aeabi_dsub)
c:/nxp/lpcxpresso_6.1.4_194/lpcxpresso/tools/bin/../lib/gcc/arm-none-eabi/4.6.2/armv7-m\libgcc.a(_arm_muldivdf3.o)
                              ./src/main.o (__aeabi_ddiv)
c:/nxp/lpcxpresso_6.1.4_194/lpcxpresso/tools/bin/../lib/gcc/arm-none-eabi/4.6.2/armv7-m\libgcc.a(_arm_cmpdf2.o)
                              ./src/main.o (__aeabi_dcmple)
c:/nxp/lpcxpresso_6.1.4_194/lpcxpresso/tools/bin/../lib/gcc/arm-none-eabi/4.6.2/armv7-m\libgcc.a(_arm_truncdfsf2.o)
                              ./src/main.o (__aeabi_d2f)
c:/nxp/lpcxpresso_6.1.4_194/lpcxpresso/tools/bin/../lib/gcc/arm-none-eabi/4.6.2/armv7-m\libgcc.a(_arm_cmpsf2.o)
                              ./src/main.o (__aeabi_fcmpgt)
c:/nxp/lpcxpresso_6.1.4_194/lpcxpresso/tools/bin/../lib/gcc/arm-none-eabi/4.6.2/armv7-m\libgcc.a(_aeabi_uldivmod.o)
                              C:\Users\Jee\Music\Lib_CMSISv1p30_LPC17xx\Debug\libCMSISv1p30_LPC17xx.a(system_LPC17xx.o) (__aeabi_uldivmod)
c:/nxp/lpcxpresso_6.1.4_194/lpcxpresso/tools/bin/../lib/gcc/arm-none-eabi/4.6.2/armv7-m\libgcc.a(bpabi.o)
                              c:/nxp/lpcxpresso_6.1.4_194/lpcxpresso/tools/bin/../lib/gcc/arm-none-eabi/4.6.2/armv7-m\libgcc.a(_aeabi_uldivmod.o) (__gnu_uldivmod_helper)
c:/nxp/lpcxpresso_6.1.4_194/lpcxpresso/tools/bin/../lib/gcc/arm-none-eabi/4.6.2/armv7-m\libgcc.a(_dvmd_tls.o)
                              c:/nxp/lpcxpresso_6.1.4_194/lpcxpresso/tools/bin/../lib/gcc/arm-none-eabi/4.6.2/armv7-m\libgcc.a(_aeabi_uldivmod.o) (__aeabi_ldiv0)
c:/nxp/lpcxpresso_6.1.4_194/lpcxpresso/tools/bin/../lib/gcc/arm-none-eabi/4.6.2/armv7-m\libgcc.a(_divdi3.o)
                              c:/nxp/lpcxpresso_6.1.4_194/lpcxpresso/tools/bin/../lib/gcc/arm-none-eabi/4.6.2/armv7-m\libgcc.a(bpabi.o) (__divdi3)
c:/nxp/lpcxpresso_6.1.4_194/lpcxpresso/tools/bin/../lib/gcc/arm-none-eabi/4.6.2/armv7-m\libgcc.a(_udivdi3.o)
                              c:/nxp/lpcxpresso_6.1.4_194/lpcxpresso/tools/bin/../lib/gcc/arm-none-eabi/4.6.2/armv7-m\libgcc.a(bpabi.o) (__udivdi3)
c:/nxp/lpcxpresso_6.1.4_194/lpcxpresso/tools/bin/../lib/gcc/arm-none-eabi/4.6.2/../../../../arm-none-eabi/lib/armv7-m\libc.a(lib_a-memset.o)
                              C:\Users\Jee\Music\Lib_EaBaseBoard\Debug\libLib_EaBaseBoard.a(oled.o) (memset)
c:/nxp/lpcxpresso_6.1.4_194/lpcxpresso/tools/bin/../lib/gcc/arm-none-eabi/4.6.2/../../../../arm-none-eabi/lib/armv7-m\libc.a(lib_a-sprintf.o)
[...]
Memory Configuration

Name             Origin             Length             Attributes
MFlash512        0x00000000         0x00080000         xr
RamLoc32         0x10000000         0x00008000         xrw
RamAHB32         0x2007c000         0x00008000         xrw
*default*        0x00000000         0xffffffff

Linker script and memory map

LOAD ./src/cr_startup_lpc17.o
LOAD ./src/main.o
LOAD C:\Users\Jee\Music\Lib_CMSISv1p30_LPC17xx\Debug\libCMSISv1p30_LPC17xx.a
LOAD C:\Users\Jee\Music\Lib_EaBaseBoard\Debug\libLib_EaBaseBoard.a
LOAD C:\Users\Jee\Music\Lib_MCU\Debug\libLib_MCU.a
START GROUP
LOAD c:/nxp/lpcxpresso_6.1.4_194/lpcxpresso/tools/bin/../lib/gcc/arm-none-eabi/4.6.2/armv7-m\libgcc.a
LOAD c:/nxp/lpcxpresso_6.1.4_194/lpcxpresso/tools/bin/../lib/gcc/arm-none-eabi/4.6.2/../../../../arm-none-eabi/lib/armv7-m\libc.a
LOAD c:/nxp/lpcxpresso_6.1.4_194/lpcxpresso/tools/bin/../lib/gcc/arm-none-eabi/4.6.2/../../../../arm-none-eabi/lib/armv7-m\libm.a
LOAD c:/nxp/lpcxpresso_6.1.4_194/lpcxpresso/tools/bin/../lib/gcc/arm-none-eabi/4.6.2/../../../../arm-none-eabi/lib/armv7-m\libcr_newlib_semihost.a
END GROUP
                0x00080000                __top_MFlash512 = 0x80000
                0x10008000                __top_RamLoc32 = 0x10008000
                0x20084000                __top_RamAHB32 = 0x20084000

.text           0x00000000     0xbbb4
 FILL mask 0xff
                0x00000000                __vectors_start__ = ABSOLUTE (.)
 *(.isr_vector)
 .isr_vector    0x00000000       0xcc ./src/cr_startup_lpc17.o
                0x00000000                g_pfnVectors
                0x000000cc                . = ALIGN (0x4)
                0x000000cc                __section_table_start = .
                0x000000cc                __data_section_table = .
                0x000000cc        0x4 LONG 0xbbbc LOADADDR (.data)
                0x000000d0        0x4 LONG 0x10000000 ADDR (.data)
                0x000000d4        0x4 LONG 0x8ec SIZEOF (.data)
                0x000000d8        0x4 LONG 0xbbbc LOADADDR (.data_RAM2)
                0x000000dc        0x4 LONG 0x2007c000 ADDR (.data_RAM2)
                0x000000e0        0x4 LONG 0x0 SIZEOF (.data_RAM2)
                0x000000e4                __data_section_table_end = .
                0x000000e4                __bss_section_table = .
                0x000000e4        0x4 LONG 0x100008ec ADDR (.bss)
                0x000000e8        0x4 LONG 0x4ec SIZEOF (.bss)
                0x000000ec        0x4 LONG 0x2007c000 ADDR (.bss_RAM2)
                0x000000f0        0x4 LONG 0x0 SIZEOF (.bss_RAM2)
                0x000000f4                __bss_section_table_end = .
                0x000000f4                __section_table_end = .
 *(.after_vectors*)
 *(.text*)
 .text.ResetISR
                0x000000f4       0x68 ./src/cr_startup_lpc17.o
                0x000000f4                ResetISR
 .text.NMI_Handler
                0x0000015c        0x8 ./src/cr_startup_lpc17.o
                0x0000015c                NMI_Handler
 .text.HardFault_Handler
                0x00000164        0x8 ./src/cr_startup_lpc17.o
                0x00000164                HardFault_Handler
 .text.MemManage_Handler
                0x0000016c        0x8 ./src/cr_startup_lpc17.o
                0x0000016c                MemManage_Handler
 .text.BusFault_Handler
                0x00000174        0x8 ./src/cr_startup_lpc17.o
                0x00000174                BusFault_Handler
 .text.UsageFault_Handler
                0x0000017c        0x8 ./src/cr_startup_lpc17.o
                0x0000017c                UsageFault_Handler
 .text.SVCall_Handler
                0x00000184        0x8 ./src/cr_startup_lpc17.o
                0x00000184                SVCall_Handler
 .text.DebugMon_Handler
                0x0000018c        0x8 ./src/cr_startup_lpc17.o
                0x0000018c                DebugMon_Handler
 .text.PendSV_Handler
                0x00000194        0x8 ./src/cr_startup_lpc17.o
                0x00000194                PendSV_Handler
 .text.IntDefaultHandler
                0x0000019c        0x8 ./src/cr_startup_lpc17.o
                0x0000019c                TIMER2_IRQHandler
                0x0000019c                RIT_IRQHandler
                0x0000019c                I2C0_IRQHandler
                0x0000019c                USBActivity_IRQHandler
                0x0000019c                PWM1_IRQHandler
                0x0000019c                I2C1_IRQHandler
                0x0000019c                EINT2_IRQHandler
                0x0000019c                UART1_IRQHandler
                0x0000019c                CANActivity_IRQHandler
                0x0000019c                TIMER3_IRQHandler
                0x0000019c                UART0_IRQHandler
                0x0000019c                IntDefaultHandler
                0x0000019c                PLL0_IRQHandler
                0x0000019c                CAN_IRQHandler
                0x0000019c                PLL1_IRQHandler
                0x0000019c                SSP0_IRQHandler
                0x0000019c                I2S_IRQHandler
                0x0000019c                I2C2_IRQHandler
                0x0000019c                RTC_IRQHandler
                0x0000019c                SPI_IRQHandler
                0x0000019c                EINT1_IRQHandler
                0x0000019c                UART2_IRQHandler
                0x0000019c                ADC_IRQHandler
                0x0000019c                SSP1_IRQHandler
                0x0000019c                USB_IRQHandler
                0x0000019c                BOD_IRQHandler
                0x0000019c                WDT_IRQHandler
                0x0000019c                QEI_IRQHandler
                0x0000019c                DMA_IRQHandler
                0x0000019c                MCPWM_IRQHandler
                0x0000019c                ENET_IRQHandler
 .text.NVIC_SetPriorityGrouping
                0x000001a4       0x50 ./src/main.o
 .text.NVIC_EnableIRQ
                0x000001f4       0x38 ./src/main.o
 .text.NVIC_ClearPendingIRQ
                0x0000022c       0x3c ./src/main.o
 .text.NVIC_SetPriority
                0x00000268       0x5c ./src/main.o
 .text.SysTick_Config
                0x000002c4       0x64 ./src/main.o
 .text.SysTick_Handler
                0x00000328       0x24 ./src/main.o
                0x00000328                SysTick_Handler
 .text.getTicks
                0x0000034c       0x18 ./src/main.o
                0x0000034c                getTicks
 .text.warn_blink
                0x00000364      0x1ac ./src/main.o
                0x00000364                warn_blink
 .text.EINT0_IRQHandler
                0x00000510      0x2c0 ./src/main.o
                0x00000510                EINT0_IRQHandler
 .text.modeToggle
                0x000007d0       0x90 ./src/main.o
                0x000007d0                modeToggle
 .text.countDown
                0x00000860       0xa8 ./src/main.o
                0x00000860                countDown
 .text.EINT3_IRQHandler
                0x00000908      0x134 ./src/main.o
                0x00000908                EINT3_IRQHandler
 .text.temp_disable
                0x00000a3c       0x48 ./src/main.o
                0x00000a3c                temp_disable
 .text.temp_enable
                0x00000a84       0x68 ./src/main.o
                0x00000a84                temp_enable
 .text.adjusted_temp_read
                0x00000aec       0xc8 ./src/main.o
                0x00000aec                adjusted_temp_read
 .text.UART3_IRQHandler
                0x00000bb4        0xc ./src/main.o
                0x00000bb4                UART3_IRQHandler
 .text.UART3_Rx_Interrupt
                0x00000bc0       0x90 ./src/main.o
                0x00000bc0                UART3_Rx_Interrupt
 .text.set_uart_message
                0x00000c50       0x28 ./src/main.o
                0x00000c50                set_uart_message
 .text.set_uart_string
                0x00000c78       0x34 ./src/main.o
                0x00000c78                set_uart_string
 .text.TIMER0_IRQHandler
                0x00000cac       0x54 ./src/main.o
                0x00000cac                TIMER0_IRQHandler
 .text.telemetryMsg
                0x00000d00      0x1a0 ./src/main.o
                0x00000d00                telemetryMsg
 .text.TIMER1_IRQHandler
                0x00000ea0       0x44 ./src/main.o
                0x00000ea0                TIMER1_IRQHandler
 .text.checkClearWarning
                0x00000ee4       0x84 ./src/main.o
                0x00000ee4                checkClearWarning
 .text.checkLightWarning
                0x00000f68       0x68 ./src/main.o
                0x00000f68                checkLightWarning
 .text.checkManualSettings
                0x00000fd0      0x338 ./src/main.o
                0x00000fd0                checkManualSettings
 .text.configStationary
                0x00001308       0xbc ./src/main.o
                0x00001308                configStationary
 .text.stationaryMode
                0x000013c4      0x118 ./src/main.o
                0x000013c4                stationaryMode
 .text.updateStationary
                0x000014dc       0xa0 ./src/main.o
                0x000014dc                updateStationary
 .text.configLaunch
                0x0000157c       0xbc ./src/main.o
                0x0000157c                configLaunch
 .text.launchMode
                0x00001638      0x17c ./src/main.o
                0x00001638                launchMode
 .text.checkAcc
                0x000017b4      0x1a0 ./src/main.o
                0x000017b4                checkAcc
 .text.updateLaunch
                0x00001954      0x128 ./src/main.o
                0x00001954                updateLaunch
 .text.checkLaunchMsg
                0x00001a7c      0x1f4 ./src/main.o
                0x00001a7c                checkLaunchMsg
 .text.configReturn
                0x00001c70       0x80 ./src/main.o
                0x00001c70                configReturn
 .text.updateReturn
                0x00001cf0       0x48 ./src/main.o
                0x00001cf0                updateReturn
 .text.getBrightness
                0x00001d38      0x104 ./src/main.o
 .text.returnMode
                0x00001e3c       0xf8 ./src/main.o
                0x00001e3c                returnMode
 .text.checkReturnMsg
                0x00001f34      0x184 ./src/main.o
                0x00001f34                checkReturnMsg
 .text.init_i2c
                0x000020b8       0x5c ./src/main.o
 .text.init_ssp
                0x00002114       0x98 ./src/main.o
 .text.init_uart
                0x000021ac       0xb4 ./src/main.o
 .text.init_light_sensor
                0x00002260       0x40 ./src/main.o
                0x00002260                init_light_sensor
 .text.init_temp_sensor
                0x000022a0       0x44 ./src/main.o
                0x000022a0                init_temp_sensor
 .text.init_sw3
                0x000022e4       0x70 ./src/main.o
 .text.init_sw4
                0x00002354       0x44 ./src/main.o
 .text.init_timer0
                0x00002398       0x88 ./src/main.o
                0x00002398                init_timer0
 .text.init_timer1
                0x00002420       0x98 ./src/main.o
                0x00002420                init_timer1
 .text.init_all
                0x000024b8      0x154 ./src/main.o
                0x000024b8                init_all
 .text.main     0x0000260c       0xa4 ./src/main.o
                0x0000260c                main
 .text.SystemInit
                0x000026b0      0x22c C:\Users\Jee\Music\Lib_CMSISv1p30_LPC17xx\Debug\libCMSISv1p30_LPC17xx.a(system_LPC17xx.o)
                0x000026b0                SystemInit
 .text.I2CRead  0x000028dc       0x5c C:\Users\Jee\Music\Lib_EaBaseBoard\Debug\libLib_EaBaseBoard.a(acc.o)
 .text.I2CWrite
                0x00002938       0x5c C:\Users\Jee\Music\Lib_EaBaseBoard\Debug\libLib_EaBaseBoard.a(acc.o)
 .text.getStatus
                0x00002994       0x3c C:\Users\Jee\Music\Lib_EaBaseBoard\Debug\libLib_EaBaseBoard.a(acc.o)
 .text.setModeControl
                0x000029d0       0x30 C:\Users\Jee\Music\Lib_EaBaseBoard\Debug\libLib_EaBaseBoard.a(acc.o)
 .text.acc_init
                0x00002a00       0x10 C:\Users\Jee\Music\Lib_EaBaseBoard\Debug\libLib_EaBaseBoard.a(acc.o)
                0x00002a00                acc_init
 .text.acc_read
                0x00002a10       0xbc C:\Users\Jee\Music\Lib_EaBaseBoard\Debug\libLib_EaBaseBoard.a(acc.o)
                0x00002a10                acc_read
 .text.joystick_init
                0x00002acc       0x28 C:\Users\Jee\Music\Lib_EaBaseBoard\Debug\libLib_EaBaseBoard.a(joystick.o)
                0x00002acc                joystick_init
 .text.joystick_read
                0x00002af4       0x98 C:\Users\Jee\Music\Lib_EaBaseBoard\Debug\libLib_EaBaseBoard.a(joystick.o)
                0x00002af4                joystick_read
 .text.led7seg_init
                0x00002b8c       0x24 C:\Users\Jee\Music\Lib_EaBaseBoard\Debug\libLib_EaBaseBoard.a(led7seg.o)
                0x00002b8c                led7seg_init
 .text.led7seg_setChar
                0x00002bb0       0x88 C:\Users\Jee\Music\Lib_EaBaseBoard\Debug\libLib_EaBaseBoard.a(led7seg.o)
                0x00002bb0                led7seg_setChar
 .text.I2CRead  0x00002c38       0x5c C:\Users\Jee\Music\Lib_EaBaseBoard\Debug\libLib_EaBaseBoard.a(light.o)
 .text.I2CWrite
                0x00002c94       0x5c C:\Users\Jee\Music\Lib_EaBaseBoard\Debug\libLib_EaBaseBoard.a(light.o)
 .text.readControlReg
                0x00002cf0       0x3c C:\Users\Jee\Music\Lib_EaBaseBoard\Debug\libLib_EaBaseBoard.a(light.o)
 .text.light_enable
                0x00002d2c       0x48 C:\Users\Jee\Music\Lib_EaBaseBoard\Debug\libLib_EaBaseBoard.a(light.o)
                0x00002d2c                light_enable
 .text.light_read
                0x00002d74       0x90 C:\Users\Jee\Music\Lib_EaBaseBoard\Debug\libLib_EaBaseBoard.a(light.o)
                0x00002d74                light_read
 .text.light_setRange
                0x00002e04       0xac C:\Users\Jee\Music\Lib_EaBaseBoard\Debug\libLib_EaBaseBoard.a(light.o)
                0x00002e04                light_setRange
 .text.light_setHiThreshold
                0x00002eb0       0x58 C:\Users\Jee\Music\Lib_EaBaseBoard\Debug\libLib_EaBaseBoard.a(light.o)
                0x00002eb0                light_setHiThreshold
 .text.light_setLoThreshold
                0x00002f08       0x58 C:\Users\Jee\Music\Lib_EaBaseBoard\Debug\libLib_EaBaseBoard.a(light.o)
                0x00002f08                light_setLoThreshold
 .text.light_clearIrqStatus
                0x00002f60       0x3c C:\Users\Jee\Music\Lib_EaBaseBoard\Debug\libLib_EaBaseBoard.a(light.o)
                0x00002f60                light_clearIrqStatus
 .text.writeCommand
                0x00002f9c       0x60 C:\Users\Jee\Music\Lib_EaBaseBoard\Debug\libLib_EaBaseBoard.a(oled.o)
 .text.writeData
                0x00002ffc       0x60 C:\Users\Jee\Music\Lib_EaBaseBoard\Debug\libLib_EaBaseBoard.a(oled.o)
 .text.writeDataLen
                0x0000305c       0x8c C:\Users\Jee\Music\Lib_EaBaseBoard\Debug\libLib_EaBaseBoard.a(oled.o)
 .text.runInitSequence
                0x000030e8      0x118 C:\Users\Jee\Music\Lib_EaBaseBoard\Debug\libLib_EaBaseBoard.a(oled.o)
 .text.oled_init
                0x00003200       0x9c C:\Users\Jee\Music\Lib_EaBaseBoard\Debug\libLib_EaBaseBoard.a(oled.o)
                0x00003200                oled_init
 .text.oled_putPixel
                0x0000329c      0x188 C:\Users\Jee\Music\Lib_EaBaseBoard\Debug\libLib_EaBaseBoard.a(oled.o)
                0x0000329c                oled_putPixel
 .text.oled_clearScreen
                0x00003424       0x74 C:\Users\Jee\Music\Lib_EaBaseBoard\Debug\libLib_EaBaseBoard.a(oled.o)
                0x00003424                oled_clearScreen
 .text.oled_putChar
                0x00003498       0xf0 C:\Users\Jee\Music\Lib_EaBaseBoard\Debug\libLib_EaBaseBoard.a(oled.o)
                0x00003498                oled_putChar
 .text.oled_putString
                0x00003588       0x54 C:\Users\Jee\Music\Lib_EaBaseBoard\Debug\libLib_EaBaseBoard.a(oled.o)
                0x00003588                oled_putString
 .text.I2CWrite
                0x000035dc       0x5c C:\Users\Jee\Music\Lib_EaBaseBoard\Debug\libLib_EaBaseBoard.a(pca9532.o)
 .text.setLsStates
                0x00003638       0xc4 C:\Users\Jee\Music\Lib_EaBaseBoard\Debug\libLib_EaBaseBoard.a(pca9532.o)
 .text.setLeds  0x000036fc       0xa0 C:\Users\Jee\Music\Lib_EaBaseBoard\Debug\libLib_EaBaseBoard.a(pca9532.o)
 .text.pca9532_init
                0x0000379c        0xc C:\Users\Jee\Music\Lib_EaBaseBoard\Debug\libLib_EaBaseBoard.a(pca9532.o)
                0x0000379c                pca9532_init
 .text.pca9532_setLeds
                0x000037a8       0xa0 C:\Users\Jee\Music\Lib_EaBaseBoard\Debug\libLib_EaBaseBoard.a(pca9532.o)
                0x000037a8                pca9532_setLeds
 .text.rgb_init
                0x00003848       0x28 C:\Users\Jee\Music\Lib_EaBaseBoard\Debug\libLib_EaBaseBoard.a(rgb.o)
                0x00003848                rgb_init
 .text.rgb_setLeds
                0x00003870       0x5c C:\Users\Jee\Music\Lib_EaBaseBoard\Debug\libLib_EaBaseBoard.a(rgb.o)
                0x00003870                rgb_setLeds
 .text.rotary_init
                0x000038cc       0x18 C:\Users\Jee\Music\Lib_EaBaseBoard\Debug\libLib_EaBaseBoard.a(rotary.o)
                0x000038cc                rotary_init
 .text.rotary_read
                0x000038e4       0xf4 C:\Users\Jee\Music\Lib_EaBaseBoard\Debug\libLib_EaBaseBoard.a(rotary.o)
                0x000038e4                rotary_read
 .text.GPIO_GetPointer
                0x000039d8       0x7c C:\Users\Jee\Music\Lib_MCU\Debug\libLib_MCU.a(lpc17xx_gpio.o)
 .text.GPIO_SetDir
                0x00003a54       0x54 C:\Users\Jee\Music\Lib_MCU\Debug\libLib_MCU.a(lpc17xx_gpio.o)
                0x00003a54                GPIO_SetDir
 .text.GPIO_SetValue
                0x00003aa8       0x2c C:\Users\Jee\Music\Lib_MCU\Debug\libLib_MCU.a(lpc17xx_gpio.o)
                0x00003aa8                GPIO_SetValue
 .text.GPIO_ClearValue
                0x00003ad4       0x2c C:\Users\Jee\Music\Lib_MCU\Debug\libLib_MCU.a(lpc17xx_gpio.o)
                0x00003ad4                GPIO_ClearValue
 .text.GPIO_ReadValue
                0x00003b00       0x30 C:\Users\Jee\Music\Lib_MCU\Debug\libLib_MCU.a(lpc17xx_gpio.o)
                0x00003b00                GPIO_ReadValue
 .text.NVIC_EnableIRQ
                0x00003b30       0x38 C:\Users\Jee\Music\Lib_MCU\Debug\libLib_MCU.a(lpc17xx_i2c.o)
 .text.NVIC_DisableIRQ
                0x00003b68       0x3c C:\Users\Jee\Music\Lib_MCU\Debug\libLib_MCU.a(lpc17xx_i2c.o)
 .text.I2C_getNum
                0x00003ba4       0x54 C:\Users\Jee\Music\Lib_MCU\Debug\libLib_MCU.a(lpc17xx_i2c.o)
 .text.I2C_Start
                0x00003bf8       0x44 C:\Users\Jee\Music\Lib_MCU\Debug\libLib_MCU.a(lpc17xx_i2c.o)
 .text.I2C_Stop
                0x00003c3c       0x38 C:\Users\Jee\Music\Lib_MCU\Debug\libLib_MCU.a(lpc17xx_i2c.o)
 .text.I2C_SendByte
                0x00003c74       0x50 C:\Users\Jee\Music\Lib_MCU\Debug\libLib_MCU.a(lpc17xx_i2c.o)
 .text.I2C_GetByte
                0x00003cc4       0x5c C:\Users\Jee\Music\Lib_MCU\Debug\libLib_MCU.a(lpc17xx_i2c.o)
 .text.I2C_IntCmd
                0x00003d20       0xa8 C:\Users\Jee\Music\Lib_MCU\Debug\libLib_MCU.a(lpc17xx_i2c.o)
                0x00003d20                I2C_IntCmd
 .text.I2C_MasterHandler
                0x00003dc8      0x408 C:\Users\Jee\Music\Lib_MCU\Debug\libLib_MCU.a(lpc17xx_i2c.o)
                0x00003dc8                I2C_MasterHandler
 .text.I2C_SetClock
                0x000041d0       0xc8 C:\Users\Jee\Music\Lib_MCU\Debug\libLib_MCU.a(lpc17xx_i2c.o)
                0x000041d0                I2C_SetClock
 .text.I2C_Init
                0x00004298       0xd8 C:\Users\Jee\Music\Lib_MCU\Debug\libLib_MCU.a(lpc17xx_i2c.o)
                0x00004298                I2C_Init
 .text.I2C_Cmd  0x00004370       0x84 C:\Users\Jee\Music\Lib_MCU\Debug\libLib_MCU.a(lpc17xx_i2c.o)
                0x00004370                I2C_Cmd
 .text.I2C_MasterTransferData
                0x000043f4      0x390 C:\Users\Jee\Music\Lib_MCU\Debug\libLib_MCU.a(lpc17xx_i2c.o)
                0x000043f4                I2C_MasterTransferData
 .text.check_failed
                0x00004784        0xc C:\Users\Jee\Music\Lib_MCU\Debug\libLib_MCU.a(lpc17xx_libcfg_default.o)
                0x00004784                check_failed
 .text.PINSEL_SetPinFunc
                0x00004790       0x9c C:\Users\Jee\Music\Lib_MCU\Debug\libLib_MCU.a(lpc17xx_pinsel.o)
                0x00004790                PINSEL_SetPinFunc
 .text.PINSEL_SetResistorMode
                0x0000482c       0x9c C:\Users\Jee\Music\Lib_MCU\Debug\libLib_MCU.a(lpc17xx_pinsel.o)
                0x0000482c                PINSEL_SetResistorMode
 .text.PINSEL_SetOpenDrainMode
                0x000048c8       0x7c C:\Users\Jee\Music\Lib_MCU\Debug\libLib_MCU.a(lpc17xx_pinsel.o)
                0x000048c8                PINSEL_SetOpenDrainMode
 .text.PINSEL_ConfigPin
                0x00004944       0x54 C:\Users\Jee\Music\Lib_MCU\Debug\libLib_MCU.a(lpc17xx_pinsel.o)
                0x00004944                PINSEL_ConfigPin
 .text.SSP_getNum
                0x00004998       0x40 C:\Users\Jee\Music\Lib_MCU\Debug\libLib_MCU.a(lpc17xx_ssp.o)
 .text.SSP_IntHandler
                0x000049d8      0x338 C:\Users\Jee\Music\Lib_MCU\Debug\libLib_MCU.a(lpc17xx_ssp.o)
                0x000049d8                SSP_IntHandler
 .text.SSP_SetClock
                0x00004d10       0xf8 C:\Users\Jee\Music\Lib_MCU\Debug\libLib_MCU.a(lpc17xx_ssp.o)
                0x00004d10                SSP_SetClock
 .text.SSP_Init
                0x00004e08      0x10c C:\Users\Jee\Music\Lib_MCU\Debug\libLib_MCU.a(lpc17xx_ssp.o)
                0x00004e08                SSP_Init
 .text.SSP_ConfigStructInit
                0x00004f14       0x48 C:\Users\Jee\Music\Lib_MCU\Debug\libLib_MCU.a(lpc17xx_ssp.o)
                0x00004f14                SSP_ConfigStructInit
 .text.SSP_Cmd  0x00004f5c       0x7c C:\Users\Jee\Music\Lib_MCU\Debug\libLib_MCU.a(lpc17xx_ssp.o)
                0x00004f5c                SSP_Cmd
 .text.SSP_SendData
                0x00004fd8       0x48 C:\Users\Jee\Music\Lib_MCU\Debug\libLib_MCU.a(lpc17xx_ssp.o)
                0x00004fd8                SSP_SendData
 .text.SSP_ReceiveData
                0x00005020       0x44 C:\Users\Jee\Music\Lib_MCU\Debug\libLib_MCU.a(lpc17xx_ssp.o)
                0x00005020                SSP_ReceiveData
 .text.SSP_ReadWrite
                0x00005064      0x440 C:\Users\Jee\Music\Lib_MCU\Debug\libLib_MCU.a(lpc17xx_ssp.o)
                0x00005064                SSP_ReadWrite
 .text.getUartNum
                0x000054a4       0x54 C:\Users\Jee\Music\Lib_MCU\Debug\libLib_MCU.a(lpc17xx_uart.o)
                0x000054a4                getUartNum
 .text.uart_set_divisors
                0x000054f8      0x26c C:\Users\Jee\Music\Lib_MCU\Debug\libLib_MCU.a(lpc17xx_uart.o)
                0x000054f8                uart_set_divisors
 .text.UART_GenIntHandler
                0x00005764      0x1c8 C:\Users\Jee\Music\Lib_MCU\Debug\libLib_MCU.a(lpc17xx_uart.o)
                0x00005764                UART_GenIntHandler
 .text.UART_Init
                0x0000592c      0x368 C:\Users\Jee\Music\Lib_MCU\Debug\libLib_MCU.a(lpc17xx_uart.o)
                0x0000592c                UART_Init
 .text.UART_ConfigStructInit
                0x00005c94       0x34 C:\Users\Jee\Music\Lib_MCU\Debug\libLib_MCU.a(lpc17xx_uart.o)
                0x00005c94                UART_ConfigStructInit
 .text.UART_SendData
                0x00005cc8       0x78 C:\Users\Jee\Music\Lib_MCU\Debug\libLib_MCU.a(lpc17xx_uart.o)
                0x00005cc8                UART_SendData
 .text.UART_ReceiveData
                0x00005d40       0x78 C:\Users\Jee\Music\Lib_MCU\Debug\libLib_MCU.a(lpc17xx_uart.o)
                0x00005d40                UART_ReceiveData
 .text.UART_IntConfig
                0x00005db8      0x1c8 C:\Users\Jee\Music\Lib_MCU\Debug\libLib_MCU.a(lpc17xx_uart.o)
                0x00005db8                UART_IntConfig
 .text.UART_FIFOConfig
                0x00005f80      0x184 C:\Users\Jee\Music\Lib_MCU\Debug\libLib_MCU.a(lpc17xx_uart.o)
                0x00005f80                UART_FIFOConfig
 .text.UART_FIFOConfigStructInit
                0x00006104       0x34 C:\Users\Jee\Music\Lib_MCU\Debug\libLib_MCU.a(lpc17xx_uart.o)
                0x00006104                UART_FIFOConfigStructInit
 .text.UART_TxCmd
                0x00006138       0xe8 C:\Users\Jee\Music\Lib_MCU\Debug\libLib_MCU.a(lpc17xx_uart.o)
                0x00006138                UART_TxCmd
 .text.UART_Send
                0x00006220      0x10c C:\Users\Jee\Music\Lib_MCU\Debug\libLib_MCU.a(lpc17xx_uart.o)
                0x00006220                UART_Send
 .text.UART_Receive
                0x0000632c       0xd8 C:\Users\Jee\Music\Lib_MCU\Debug\libLib_MCU.a(lpc17xx_uart.o)
                0x0000632c                UART_Receive
 .text.UART_SetupCbs
                0x00006404       0xb4 C:\Users\Jee\Music\Lib_MCU\Debug\libLib_MCU.a(lpc17xx_uart.o)
                0x00006404                UART_SetupCbs
 .text.UART3_StdIntHandler
                0x000064b8       0x14 C:\Users\Jee\Music\Lib_MCU\Debug\libLib_MCU.a(lpc17xx_uart.o)
                0x000064b8                UART3_StdIntHandler
 .text.CLKPWR_SetPCLKDiv
                0x000064cc       0xcc C:\Users\Jee\Music\Lib_MCU\Debug\libLib_MCU.a(lpc17xx_clkpwr.o)
                0x000064cc                CLKPWR_SetPCLKDiv
 .text.CLKPWR_GetPCLKSEL
                0x00006598       0x54 C:\Users\Jee\Music\Lib_MCU\Debug\libLib_MCU.a(lpc17xx_clkpwr.o)
                0x00006598                CLKPWR_GetPCLKSEL
 .text.CLKPWR_GetPCLK
                0x000065ec       0x74 C:\Users\Jee\Music\Lib_MCU\Debug\libLib_MCU.a(lpc17xx_clkpwr.o)
                0x000065ec                CLKPWR_GetPCLK
 .text.CLKPWR_ConfigPPWR
                0x00006660       0x78 C:\Users\Jee\Music\Lib_MCU\Debug\libLib_MCU.a(lpc17xx_clkpwr.o)
                0x00006660                CLKPWR_ConfigPPWR
 .text          0x000066d8      0x370 c:/nxp/lpcxpresso_6.1.4_194/lpcxpresso/tools/bin/../lib/gcc/arm-none-eabi/4.6.2/armv7-m\libgcc.a(_arm_addsubdf3.o)
                0x000066d8                __aeabi_drsub
                0x000066e0                __aeabi_dsub
                0x000066e0                __subdf3
                0x000066e4                __aeabi_dadd
                0x000066e4                __adddf3
                0x0000695c                __floatunsidf
                0x0000695c                __aeabi_ui2d
                0x0000697c                __floatsidf
                0x0000697c                __aeabi_i2d
                0x000069a0                __aeabi_f2d
                0x000069a0                __extendsfdf2
                0x000069dc                __floatundidf
                0x000069dc                __aeabi_ul2d
                0x000069ec                __floatdidf
                0x000069ec                __aeabi_l2d
 .text          0x00006a48      0x424 c:/nxp/lpcxpresso_6.1.4_194/lpcxpresso/tools/bin/../lib/gcc/arm-none-eabi/4.6.2/armv7-m\libgcc.a(_arm_muldivdf3.o)
                0x00006a48                __aeabi_dmul
                0x00006a48                __muldf3
                0x00006c9c                __divdf3
                0x00006c9c                __aeabi_ddiv
 .text          0x00006e6c      0x110 c:/nxp/lpcxpresso_6.1.4_194/lpcxpresso/tools/bin/../lib/gcc/arm-none-eabi/4.6.2/armv7-m\libgcc.a(_arm_cmpdf2.o)
                0x00006e6c                __gtdf2
                0x00006e6c                __gedf2
                0x00006e74                __ltdf2
                0x00006e74                __ledf2
                0x00006e7c                __nedf2
                0x00006e7c                __eqdf2
                0x00006e7c                __cmpdf2
                0x00006ef8                __aeabi_cdrcmple
                0x00006f08                __aeabi_cdcmpeq
                0x00006f08                __aeabi_cdcmple
                0x00006f18                __aeabi_dcmpeq
                0x00006f2c                __aeabi_dcmplt
                0x00006f40                __aeabi_dcmple
                0x00006f54                __aeabi_dcmpge
                0x00006f68                __aeabi_dcmpgt
 .text          0x00006f7c       0xa0 c:/nxp/lpcxpresso_6.1.4_194/lpcxpresso/tools/bin/../lib/gcc/arm-none-eabi/4.6.2/armv7-m\libgcc.a(_arm_truncdfsf2.o)
                0x00006f7c                __truncdfsf2
                0x00006f7c                __aeabi_d2f
 .text          0x0000701c       0xec c:/nxp/lpcxpresso_6.1.4_194/lpcxpresso/tools/bin/../lib/gcc/arm-none-eabi/4.6.2/armv7-m\libgcc.a(_arm_cmpsf2.o)
                0x0000701c                __gesf2
                0x0000701c                __gtsf2
                0x00007024                __lesf2
                0x00007024                __ltsf2
                0x0000702c                __nesf2
                0x0000702c                __eqsf2
                0x0000702c                __cmpsf2
                0x0000708c                __aeabi_cfrcmple
                0x00007094                __aeabi_cfcmpeq
                0x00007094                __aeabi_cfcmple
                0x000070a4                __aeabi_fcmpeq
                0x000070b8                __aeabi_fcmplt
                0x000070cc                __aeabi_fcmple
                0x000070e0                __aeabi_fcmpge
                0x000070f4                __aeabi_fcmpgt
 .text          0x00007108       0x2c c:/nxp/lpcxpresso_6.1.4_194/lpcxpresso/tools/bin/../lib/gcc/arm-none-eabi/4.6.2/armv7-m\libgcc.a(_aeabi_uldivmod.o)
                0x00007108                __aeabi_uldivmod
 .text          0x00007134       0x5c c:/nxp/lpcxpresso_6.1.4_194/lpcxpresso/tools/bin/../lib/gcc/arm-none-eabi/4.6.2/armv7-m\libgcc.a(bpabi.o)
                0x00007134                __gnu_ldivmod_helper
                0x00007164                __gnu_uldivmod_helper
 .text          0x00007190        0x4 c:/nxp/lpcxpresso_6.1.4_194/lpcxpresso/tools/bin/../lib/gcc/arm-none-eabi/4.6.2/armv7-m\libgcc.a(_dvmd_tls.o)
                0x00007190                __aeabi_idiv0
                0x00007190                __aeabi_ldiv0
 .text          0x00007194      0x2c8 c:/nxp/lpcxpresso_6.1.4_194/lpcxpresso/tools/bin/../lib/gcc/arm-none-eabi/4.6.2/armv7-m\libgcc.a(_divdi3.o)
                0x00007194                __divdi3
 .text          0x0000745c      0x298 c:/nxp/lpcxpresso_6.1.4_194/lpcxpresso/tools/bin/../lib/gcc/arm-none-eabi/4.6.2/armv7-m\libgcc.a(_udivdi3.o)
                0x0000745c                __udivdi3
 .text.memset   0x000076f4       0x90 c:/nxp/lpcxpresso_6.1.4_194/lpcxpresso/tools/bin/../lib/gcc/arm-none-eabi/4.6.2/../../../../arm-none-eabi/lib/armv7-m\libc.a(lib_a-memset.o)
                0x000076f4                memset
 .text.sprintf  0x00007784       0x50 c:/nxp/lpcxpresso_6.1.4_194/lpcxpresso/tools/bin/../lib/gcc/arm-none-eabi/4.6.2/../../../../arm-none-eabi/lib/armv7-m\libc.a(lib_a-sprintf.o)
                0x00007784                sprintf
 .text.strcat   0x000077d4       0x4c c:/nxp/lpcxpresso_6.1.4_194/lpcxpresso/tools/bin/../lib/gcc/arm-none-eabi/4.6.2/../../../../arm-none-eabi/lib/armv7-m\libc.a(lib_a-strcat.o)
                0x000077d4                strcat
 .text.strcmp   0x00007820       0x80 c:/nxp/lpcxpresso_6.1.4_194/lpcxpresso/tools/bin/../lib/gcc/arm-none-eabi/4.6.2/../../../../arm-none-eabi/lib/armv7-m\libc.a(lib_a-strcmp.o)
                0x00007820                strcmp
 .text.strcmp_unaligned
                0x000078a0      0x15c c:/nxp/lpcxpresso_6.1.4_194/lpcxpresso/tools/bin/../lib/gcc/arm-none-eabi/4.6.2/../../../../arm-none-eabi/lib/armv7-m\libc.a(lib_a-strcmp.o)
 .text.strcpy   0x000079fc       0xbc c:/nxp/lpcxpresso_6.1.4_194/lpcxpresso/tools/bin/../lib/gcc/arm-none-eabi/4.6.2/../../../../arm-none-eabi/lib/armv7-m\libc.a(lib_a-strcpy.o)
                0x000079fc                strcpy
 .text.strlen   0x00007ab8       0x60 c:/nxp/lpcxpresso_6.1.4_194/lpcxpresso/tools/bin/../lib/gcc/arm-none-eabi/4.6.2/../../../../arm-none-eabi/lib/armv7-m\libc.a(lib_a-strlen.o)
                0x00007ab8                strlen
 .text._svfprintf_r
                0x00007b18     0x1408 c:/nxp/lpcxpresso_6.1.4_194/lpcxpresso/tools/bin/../lib/gcc/arm-none-eabi/4.6.2/../../../../arm-none-eabi/lib/armv7-m\libc.a(lib_a-svfprintf.o)
                0x00007b18                _svfprintf_r
 .text.quorem   0x00008f20      0x150 c:/nxp/lpcxpresso_6.1.4_194/lpcxpresso/tools/bin/../lib/gcc/arm-none-eabi/4.6.2/../../../../arm-none-eabi/lib/armv7-m\libc.a(lib_a-dtoa.o)
 .text._dtoa_r  0x00009070      0xe60 c:/nxp/lpcxpresso_6.1.4_194/lpcxpresso/tools/bin/../lib/gcc/arm-none-eabi/4.6.2/../../../../arm-none-eabi/lib/armv7-m\libc.a(lib_a-dtoa.o)
                0x00009070                _dtoa_r
 .text._localeconv_r
                0x00009ed0        0xc c:/nxp/lpcxpresso_6.1.4_194/lpcxpresso/tools/bin/../lib/gcc/arm-none-eabi/4.6.2/../../../../arm-none-eabi/lib/armv7-m\libc.a(lib_a-locale.o)
                0x00009ed0                _localeconv_r
 .text._malloc_r
                0x00009edc      0x528 c:/nxp/lpcxpresso_6.1.4_194/lpcxpresso/tools/bin/../lib/gcc/arm-none-eabi/4.6.2/../../../../arm-none-eabi/lib/armv7-m\libc.a(lib_a-mallocr.o)
                0x00009edc                _malloc_r
 .text.memchr   0x0000a404       0x84 c:/nxp/lpcxpresso_6.1.4_194/lpcxpresso/tools/bin/../lib/gcc/arm-none-eabi/4.6.2/../../../../arm-none-eabi/lib/armv7-m\libc.a(lib_a-memchr.o)
                0x0000a404                memchr
 .text.memcpy   0x0000a488       0x84 c:/nxp/lpcxpresso_6.1.4_194/lpcxpresso/tools/bin/../lib/gcc/arm-none-eabi/4.6.2/../../../../arm-none-eabi/lib/armv7-m\libc.a(lib_a-memcpy.o)
                0x0000a488                memcpy
 .text.__malloc_lock
                0x0000a50c        0x4 c:/nxp/lpcxpresso_6.1.4_194/lpcxpresso/tools/bin/../lib/gcc/arm-none-eabi/4.6.2/../../../../arm-none-eabi/lib/armv7-m\libc.a(lib_a-mlock.o)
                0x0000a50c                __malloc_lock
 .text.__malloc_unlock
                0x0000a510        0x4 c:/nxp/lpcxpresso_6.1.4_194/lpcxpresso/tools/bin/../lib/gcc/arm-none-eabi/4.6.2/../../../../arm-none-eabi/lib/armv7-m\libc.a(lib_a-mlock.o)
                0x0000a510                __malloc_unlock
 .text._Balloc  0x0000a514       0x4c c:/nxp/lpcxpresso_6.1.4_194/lpcxpresso/tools/bin/../lib/gcc/arm-none-eabi/4.6.2/../../../../arm-none-eabi/lib/armv7-m\libc.a(lib_a-mprec.o)
                0x0000a514                _Balloc
 .text._Bfree   0x0000a560       0x14 c:/nxp/lpcxpresso_6.1.4_194/lpcxpresso/tools/bin/../lib/gcc/arm-none-eabi/4.6.2/../../../../arm-none-eabi/lib/armv7-m\libc.a(lib_a-mprec.o)
                0x0000a560                _Bfree
 .text.__multadd
                0x0000a574       0x84 c:/nxp/lpcxpresso_6.1.4_194/lpcxpresso/tools/bin/../lib/gcc/arm-none-eabi/4.6.2/../../../../arm-none-eabi/lib/armv7-m\libc.a(lib_a-mprec.o)
                0x0000a574                __multadd
 .text.__hi0bits
                0x0000a5f8       0x3c c:/nxp/lpcxpresso_6.1.4_194/lpcxpresso/tools/bin/../lib/gcc/arm-none-eabi/4.6.2/../../../../arm-none-eabi/lib/armv7-m\libc.a(lib_a-mprec.o)
                0x0000a5f8                __hi0bits
 .text.__lo0bits
                0x0000a634       0x5c c:/nxp/lpcxpresso_6.1.4_194/lpcxpresso/tools/bin/../lib/gcc/arm-none-eabi/4.6.2/../../../../arm-none-eabi/lib/armv7-m\libc.a(lib_a-mprec.o)
                0x0000a634                __lo0bits
 .text.__i2b    0x0000a690       0x14 c:/nxp/lpcxpresso_6.1.4_194/lpcxpresso/tools/bin/../lib/gcc/arm-none-eabi/4.6.2/../../../../arm-none-eabi/lib/armv7-m\libc.a(lib_a-mprec.o)
                0x0000a690                __i2b
 .text.__multiply
                0x0000a6a4      0x144 c:/nxp/lpcxpresso_6.1.4_194/lpcxpresso/tools/bin/../lib/gcc/arm-none-eabi/4.6.2/../../../../arm-none-eabi/lib/armv7-m\libc.a(lib_a-mprec.o)
                0x0000a6a4                __multiply
 .text.__pow5mult
                0x0000a7e8       0x98 c:/nxp/lpcxpresso_6.1.4_194/lpcxpresso/tools/bin/../lib/gcc/arm-none-eabi/4.6.2/../../../../arm-none-eabi/lib/armv7-m\libc.a(lib_a-mprec.o)
                0x0000a7e8                __pow5mult
 .text.__lshift
                0x0000a880       0xc0 c:/nxp/lpcxpresso_6.1.4_194/lpcxpresso/tools/bin/../lib/gcc/arm-none-eabi/4.6.2/../../../../arm-none-eabi/lib/armv7-m\libc.a(lib_a-mprec.o)
                0x0000a880                __lshift
 .text.__mcmp   0x0000a940       0x3c c:/nxp/lpcxpresso_6.1.4_194/lpcxpresso/tools/bin/../lib/gcc/arm-none-eabi/4.6.2/../../../../arm-none-eabi/lib/armv7-m\libc.a(lib_a-mprec.o)
                0x0000a940                __mcmp
 .text.__mdiff  0x0000a97c       0xd8 c:/nxp/lpcxpresso_6.1.4_194/lpcxpresso/tools/bin/../lib/gcc/arm-none-eabi/4.6.2/../../../../arm-none-eabi/lib/armv7-m\libc.a(lib_a-mprec.o)
                0x0000a97c                __mdiff
 .text.__d2b    0x0000aa54       0xcc c:/nxp/lpcxpresso_6.1.4_194/lpcxpresso/tools/bin/../lib/gcc/arm-none-eabi/4.6.2/../../../../arm-none-eabi/lib/armv7-m\libc.a(lib_a-mprec.o)
                0x0000aa54                __d2b
 .text.__fpclassifyd
                0x0000ab20       0x68 c:/nxp/lpcxpresso_6.1.4_194/lpcxpresso/tools/bin/../lib/gcc/arm-none-eabi/4.6.2/../../../../arm-none-eabi/lib/armv7-m\libc.a(lib_a-s_fpclassify.o)
                0x0000ab20                __fpclassifyd
 .text._sbrk_r  0x0000ab88       0x24 c:/nxp/lpcxpresso_6.1.4_194/lpcxpresso/tools/bin/../lib/gcc/arm-none-eabi/4.6.2/../../../../arm-none-eabi/lib/armv7-m\libc.a(lib_a-sbrkr.o)
                0x0000ab88                _sbrk_r
 .text.__ssprint_r
                0x0000abac       0xf8 c:/nxp/lpcxpresso_6.1.4_194/lpcxpresso/tools/bin/../lib/gcc/arm-none-eabi/4.6.2/../../../../arm-none-eabi/lib/armv7-m\libc.a(lib_a-svfiprintf.o)
                0x0000abac                __ssprint_r
 .text._calloc_r
                0x0000aca4       0x60 c:/nxp/lpcxpresso_6.1.4_194/lpcxpresso/tools/bin/../lib/gcc/arm-none-eabi/4.6.2/../../../../arm-none-eabi/lib/armv7-m\libc.a(lib_a-callocr.o)
                0x0000aca4                _calloc_r
 .text._malloc_trim_r
                0x0000ad04       0xa0 c:/nxp/lpcxpresso_6.1.4_194/lpcxpresso/tools/bin/../lib/gcc/arm-none-eabi/4.6.2/../../../../arm-none-eabi/lib/armv7-m\libc.a(lib_a-freer.o)
                0x0000ad04                _malloc_trim_r
 .text._free_r  0x0000ada4      0x190 c:/nxp/lpcxpresso_6.1.4_194/lpcxpresso/tools/bin/../lib/gcc/arm-none-eabi/4.6.2/../../../../arm-none-eabi/lib/armv7-m\libc.a(lib_a-freer.o)
                0x0000ada4                _free_r
 .text.memmove  0x0000af34       0xb0 c:/nxp/lpcxpresso_6.1.4_194/lpcxpresso/tools/bin/../lib/gcc/arm-none-eabi/4.6.2/../../../../arm-none-eabi/lib/armv7-m\libc.a(lib_a-memmove.o)
                0x0000af34                memmove
 .text._realloc_r
                0x0000afe4      0x3f4 c:/nxp/lpcxpresso_6.1.4_194/lpcxpresso/tools/bin/../lib/gcc/arm-none-eabi/4.6.2/../../../../arm-none-eabi/lib/armv7-m\libc.a(lib_a-reallocr.o)
                0x0000afe4                _realloc_r
 .text.fabs     0x0000b3d8        0x8 c:/nxp/lpcxpresso_6.1.4_194/lpcxpresso/tools/bin/../lib/gcc/arm-none-eabi/4.6.2/../../../../arm-none-eabi/lib/armv7-m\libm.a(lib_a-s_fabs.o)
                0x0000b3d8                fabs
 .text._sbrk    0x0000b3e0       0x3c c:/nxp/lpcxpresso_6.1.4_194/lpcxpresso/tools/bin/../lib/gcc/arm-none-eabi/4.6.2/../../../../arm-none-eabi/lib/armv7-m\libcr_newlib_semihost.a(_cr_sbrk.o)
                0x0000b3e0                _sbrk
 .text.__check_heap_overflow
                0x0000b41c       0x2c c:/nxp/lpcxpresso_6.1.4_194/lpcxpresso/tools/bin/../lib/gcc/arm-none-eabi/4.6.2/../../../../arm-none-eabi/lib/armv7-m\libcr_newlib_semihost.a(_cr_check_heap.o)
                0x0000b41c                __check_heap_overflow
 .text          0x0000b448       0x50 c:/nxp/lpcxpresso_6.1.4_194/lpcxpresso/tools/bin/../lib/gcc/arm-none-eabi/4.6.2/armv7-m\libgcc.a(_arm_fixdfsi.o)
                0x0000b448                __aeabi_d2iz
                0x0000b448                __fixdfsi
 .text.__errno  0x0000b498        0xc c:/nxp/lpcxpresso_6.1.4_194/lpcxpresso/tools/bin/../lib/gcc/arm-none-eabi/4.6.2/../../../../arm-none-eabi/lib/armv7-m\libc.a(lib_a-errno.o)
                0x0000b498                __errno
 *(.rodata .rodata.* .constdata .constdata.*)
 .rodata        0x0000b4a4      0x23c ./src/main.o
 .rodata        0x0000b6e0        0x8 C:\Users\Jee\Music\Lib_EaBaseBoard\Debug\libLib_EaBaseBoard.a(oled.o)
 .rodata        0x0000b6e8      0x300 C:\Users\Jee\Music\Lib_EaBaseBoard\Debug\libLib_EaBaseBoard.a(font5x7.o)
                0x0000b6e8                font5x7
 .rodata        0x0000b9e8       0x18 C:\Users\Jee\Music\Lib_MCU\Debug\libLib_MCU.a(lpc17xx_i2c.o)
 .rodata        0x0000ba00       0x18 C:\Users\Jee\Music\Lib_MCU\Debug\libLib_MCU.a(lpc17xx_ssp.o)
 .rodata        0x0000ba18       0x18 C:\Users\Jee\Music\Lib_MCU\Debug\libLib_MCU.a(lpc17xx_uart.o)
 .rodata.zeroes.6590
                0x0000ba30       0x10 c:/nxp/lpcxpresso_6.1.4_194/lpcxpresso/tools/bin/../lib/gcc/arm-none-eabi/4.6.2/../../../../arm-none-eabi/lib/armv7-m\libc.a(lib_a-svfprintf.o)
 .rodata.str1.4
                0x0000ba40       0x42 c:/nxp/lpcxpresso_6.1.4_194/lpcxpresso/tools/bin/../lib/gcc/arm-none-eabi/4.6.2/../../../../arm-none-eabi/lib/armv7-m\libc.a(lib_a-svfprintf.o)
                                 0x44 (size before relaxing)
 *fill*         0x0000ba82        0x2 00
 .rodata.blanks.6589
                0x0000ba84       0x10 c:/nxp/lpcxpresso_6.1.4_194/lpcxpresso/tools/bin/../lib/gcc/arm-none-eabi/4.6.2/../../../../arm-none-eabi/lib/armv7-m\libc.a(lib_a-svfprintf.o)
 .rodata.str1.4
                0x0000ba94       0x10 c:/nxp/lpcxpresso_6.1.4_194/lpcxpresso/tools/bin/../lib/gcc/arm-none-eabi/4.6.2/../../../../arm-none-eabi/lib/armv7-m\libc.a(lib_a-dtoa.o)
                                 0x14 (size before relaxing)
 .rodata.str1.4
                0x0000baa4        0x2 c:/nxp/lpcxpresso_6.1.4_194/lpcxpresso/tools/bin/../lib/gcc/arm-none-eabi/4.6.2/../../../../arm-none-eabi/lib/armv7-m\libc.a(lib_a-impure.o)
                                  0x4 (size before relaxing)
 *fill*         0x0000baa6        0x2 00
 .rodata.str1.4
                0x0000baa8        0xc c:/nxp/lpcxpresso_6.1.4_194/lpcxpresso/tools/bin/../lib/gcc/arm-none-eabi/4.6.2/../../../../arm-none-eabi/lib/armv7-m\libc.a(lib_a-locale.o)
                                 0x14 (size before relaxing)
 *fill*         0x0000bab4        0x4 00
 .rodata.__mprec_tens
                0x0000bab8       0xc8 c:/nxp/lpcxpresso_6.1.4_194/lpcxpresso/tools/bin/../lib/gcc/arm-none-eabi/4.6.2/../../../../arm-none-eabi/lib/armv7-m\libc.a(lib_a-mprec.o)
                0x0000bab8                __mprec_tens
 .rodata.__mprec_bigtens
                0x0000bb80       0x28 c:/nxp/lpcxpresso_6.1.4_194/lpcxpresso/tools/bin/../lib/gcc/arm-none-eabi/4.6.2/../../../../arm-none-eabi/lib/armv7-m\libc.a(lib_a-mprec.o)
                0x0000bb80                __mprec_bigtens
 .rodata.p05.5111
                0x0000bba8        0xc c:/nxp/lpcxpresso_6.1.4_194/lpcxpresso/tools/bin/../lib/gcc/arm-none-eabi/4.6.2/../../../../arm-none-eabi/lib/armv7-m\libc.a(lib_a-mprec.o)
                0x0000bbb4                . = ALIGN (0x4)

.glue_7         0x0000bbb4        0x0
 .glue_7        0x00000000        0x0 linker stubs

.glue_7t        0x0000bbb4        0x0
 .glue_7t       0x00000000        0x0 linker stubs

.vfp11_veneer   0x0000bbb4        0x0
 .vfp11_veneer  0x00000000        0x0 linker stubs

.v4_bx          0x0000bbb4        0x0
 .v4_bx         0x00000000        0x0 linker stubs

.ARM.extab
 *(.ARM.extab* .gnu.linkonce.armextab.*)
                0x0000bbb4                __exidx_start = .

.ARM.exidx      0x0000bbb4        0x8
 *(.ARM.exidx* .gnu.linkonce.armexidx.*)
 .ARM.exidx     0x0000bbb4        0x8 c:/nxp/lpcxpresso_6.1.4_194/lpcxpresso/tools/bin/../lib/gcc/arm-none-eabi/4.6.2/armv7-m\libgcc.a(_divdi3.o)
 .ARM.exidx     0x0000bbbc        0x0 c:/nxp/lpcxpresso_6.1.4_194/lpcxpresso/tools/bin/../lib/gcc/arm-none-eabi/4.6.2/armv7-m\libgcc.a(_udivdi3.o)
                                  0x8 (size before relaxing)
                0x0000bbbc                __exidx_end = .
                0x0000bbbc                _etext = .

.data_RAM2      0x2007c000        0x0 load address 0x0000bbbc
 FILL mask 0xff
 *(.data.$RAM2*)
 *(.data.$RamAHB32*)
                0x2007c000                . = ALIGN (0x4)

.uninit_RESERVED
                0x10000000        0x0
 *(.bss.$RESERVED*)
                0x10000000                . = ALIGN (0x4)
                0x10000000                _end_uninit_RESERVED = .

.data           0x10000000      0x8ec load address 0x0000bbbc
 FILL mask 0xff
                0x10000000                _data = .
 *(vtable)
 *(.data*)
 .data          0x10000000       0x1c ./src/main.o
 .data          0x1000001c        0x4 C:\Users\Jee\Music\Lib_CMSISv1p30_LPC17xx\Debug\libCMSISv1p30_LPC17xx.a(system_LPC17xx.o)
                0x1000001c                SystemCoreClock
 .data          0x10000020       0x50 C:\Users\Jee\Music\Lib_EaBaseBoard\Debug\libLib_EaBaseBoard.a(led7seg.o)
 .data          0x10000070        0x8 C:\Users\Jee\Music\Lib_EaBaseBoard\Debug\libLib_EaBaseBoard.a(light.o)
 .data.impure_data
                0x10000078      0x428 c:/nxp/lpcxpresso_6.1.4_194/lpcxpresso/tools/bin/../lib/gcc/arm-none-eabi/4.6.2/../../../../arm-none-eabi/lib/armv7-m\libc.a(lib_a-impure.o)
 .data._impure_ptr
                0x100004a0        0x4 c:/nxp/lpcxpresso_6.1.4_194/lpcxpresso/tools/bin/../lib/gcc/arm-none-eabi/4.6.2/../../../../arm-none-eabi/lib/armv7-m\libc.a(lib_a-impure.o)
                0x100004a0                _impure_ptr
 .data.lconv    0x100004a4       0x38 c:/nxp/lpcxpresso_6.1.4_194/lpcxpresso/tools/bin/../lib/gcc/arm-none-eabi/4.6.2/../../../../arm-none-eabi/lib/armv7-m\libc.a(lib_a-locale.o)
 .data.__malloc_av_
                0x100004dc      0x408 c:/nxp/lpcxpresso_6.1.4_194/lpcxpresso/tools/bin/../lib/gcc/arm-none-eabi/4.6.2/../../../../arm-none-eabi/lib/armv7-m\libc.a(lib_a-mallocr.o)
                0x100004dc                __malloc_av_
 .data.__malloc_trim_threshold
                0x100008e4        0x4 c:/nxp/lpcxpresso_6.1.4_194/lpcxpresso/tools/bin/../lib/gcc/arm-none-eabi/4.6.2/../../../../arm-none-eabi/lib/armv7-m\libc.a(lib_a-mallocr.o)
                0x100008e4                __malloc_trim_threshold
 .data.__malloc_sbrk_base
                0x100008e8        0x4 c:/nxp/lpcxpresso_6.1.4_194/lpcxpresso/tools/bin/../lib/gcc/arm-none-eabi/4.6.2/../../../../arm-none-eabi/lib/armv7-m\libc.a(lib_a-mallocr.o)
                0x100008e8                __malloc_sbrk_base
                0x100008ec                . = ALIGN (0x4)
                0x100008ec                _edata = .

.bss_RAM2       0x2007c000        0x0
 *(.bss.$RAM2*)
 *(.bss.$RamAHB32*)
                0x2007c000                . = ALIGN (0x4)

.bss            0x100008ec      0x4ec
                0x100008ec                _bss = .
 *(.bss*)
 .bss           0x100008ec       0xd4 ./src/main.o
                0x100008ec                buf_count
                0x10000918                launchSecondPressTime
                0x1000091c                secondPressTime
 .bss           0x100009c0      0x300 C:\Users\Jee\Music\Lib_EaBaseBoard\Debug\libLib_EaBaseBoard.a(oled.o)
 .bss           0x10000cc0        0x6 C:\Users\Jee\Music\Lib_EaBaseBoard\Debug\libLib_EaBaseBoard.a(pca9532.o)
 *fill*         0x10000cc6        0x2 00
 .bss           0x10000cc8       0x24 C:\Users\Jee\Music\Lib_MCU\Debug\libLib_MCU.a(lpc17xx_i2c.o)
 .bss           0x10000cec       0x18 C:\Users\Jee\Music\Lib_MCU\Debug\libLib_MCU.a(lpc17xx_ssp.o)
 .bss           0x10000d04       0x44 C:\Users\Jee\Music\Lib_MCU\Debug\libLib_MCU.a(lpc17xx_uart.o)
                0x10000d04                uartCbsDat
                0x10000d44                pfnModemCbs
 .bss.__malloc_max_total_mem
                0x10000d48        0x4 c:/nxp/lpcxpresso_6.1.4_194/lpcxpresso/tools/bin/../lib/gcc/arm-none-eabi/4.6.2/../../../../arm-none-eabi/lib/armv7-m\libc.a(lib_a-mallocr.o)
                0x10000d48                __malloc_max_total_mem
 .bss.__malloc_max_sbrked_mem
                0x10000d4c        0x4 c:/nxp/lpcxpresso_6.1.4_194/lpcxpresso/tools/bin/../lib/gcc/arm-none-eabi/4.6.2/../../../../arm-none-eabi/lib/armv7-m\libc.a(lib_a-mallocr.o)
                0x10000d4c                __malloc_max_sbrked_mem
 .bss.__malloc_top_pad
                0x10000d50        0x4 c:/nxp/lpcxpresso_6.1.4_194/lpcxpresso/tools/bin/../lib/gcc/arm-none-eabi/4.6.2/../../../../arm-none-eabi/lib/armv7-m\libc.a(lib_a-mallocr.o)
                0x10000d50                __malloc_top_pad
 .bss.__malloc_current_mallinfo
                0x10000d54       0x28 c:/nxp/lpcxpresso_6.1.4_194/lpcxpresso/tools/bin/../lib/gcc/arm-none-eabi/4.6.2/../../../../arm-none-eabi/lib/armv7-m\libc.a(lib_a-mallocr.o)
                0x10000d54                __malloc_current_mallinfo
 *(COMMON)
 COMMON         0x10000d7c       0x54 ./src/main.o
                0x10000d7c                x
                0x10000d80                firstPressTime
                0x10000d84                xoff
                0x10000d85                z
                0x10000d86                yoff
                0x10000d87                y
                0x10000d88                msg_buf
                0x10000dc8                msTicks
                0x10000dcc                launchFirstPressTime
 COMMON         0x10000dd0        0x4 c:/nxp/lpcxpresso_6.1.4_194/lpcxpresso/tools/bin/../lib/gcc/arm-none-eabi/4.6.2/../../../../arm-none-eabi/lib/armv7-m\libc.a(lib_a-reent.o)
                0x10000dd0                errno
 COMMON         0x10000dd4        0x4 c:/nxp/lpcxpresso_6.1.4_194/lpcxpresso/tools/bin/../lib/gcc/arm-none-eabi/4.6.2/../../../../arm-none-eabi/lib/armv7-m\libcr_newlib_semihost.a(_cr_sbrk.o)
                0x10000dd4                __end_of_heap
                0x10000dd8                . = ALIGN (0x4)
                0x10000dd8                _ebss = .
                0x10000dd8                PROVIDE (end, .)

.noinit_RAM2    0x2007c000        0x0
 *(.noinit.$RAM2*)
 *(.noinit.$RamAHB32*)
                0x2007c000                . = ALIGN (0x4)

.noinit         0x10000dd8        0x0
                0x10000dd8                _noinit = .
 *(.noinit*)
                0x10000dd8                . = ALIGN (0x4)
                0x10000dd8                _end_noinit = .
                0x10000dd8                PROVIDE (_pvHeapStart, .)
                0x10008000                PROVIDE (_vStackTop, (__top_RamLoc32 - 0x0))
OUTPUT(demo.axf elf32-littlearm)

.debug_info     0x00000000     0x864b
 .debug_info    0x00000000      0x209 ./src/cr_startup_lpc17.o
 .debug_info    0x00000209     0x1b98 ./src/main.o
 .debug_info    0x00001da1      0x357 C:\Users\Jee\Music\Lib_CMSISv1p30_LPC17xx\Debug\libCMSISv1p30_LPC17xx.a(system_LPC17xx.o)
 .debug_info    0x000020f8      0x53d C:\Users\Jee\Music\Lib_EaBaseBoard\Debug\libLib_EaBaseBoard.a(acc.o)
 .debug_info    0x00002635      0x10f C:\Users\Jee\Music\Lib_EaBaseBoard\Debug\libLib_EaBaseBoard.a(joystick.o)
 .debug_info    0x00002744      0x282 C:\Users\Jee\Music\Lib_EaBaseBoard\Debug\libLib_EaBaseBoard.a(led7seg.o)
 .debug_info    0x000029c6      0x763 C:\Users\Jee\Music\Lib_EaBaseBoard\Debug\libLib_EaBaseBoard.a(light.o)
 .debug_info    0x00003129      0x97d C:\Users\Jee\Music\Lib_EaBaseBoard\Debug\libLib_EaBaseBoard.a(oled.o)
 .debug_info    0x00003aa6      0x642 C:\Users\Jee\Music\Lib_EaBaseBoard\Debug\libLib_EaBaseBoard.a(pca9532.o)
 .debug_info    0x000040e8       0xe4 C:\Users\Jee\Music\Lib_EaBaseBoard\Debug\libLib_EaBaseBoard.a(rgb.o)
 .debug_info    0x000041cc      0x102 C:\Users\Jee\Music\Lib_EaBaseBoard\Debug\libLib_EaBaseBoard.a(rotary.o)
 .debug_info    0x000042ce       0x65 C:\Users\Jee\Music\Lib_EaBaseBoard\Debug\libLib_EaBaseBoard.a(font5x7.o)
 .debug_info    0x00004333      0xb95 C:\Users\Jee\Music\Lib_MCU\Debug\libLib_MCU.a(lpc17xx_gpio.o)
 .debug_info    0x00004ec8      0xcc3 C:\Users\Jee\Music\Lib_MCU\Debug\libLib_MCU.a(lpc17xx_i2c.o)
 .debug_info    0x00005b8b       0xcd C:\Users\Jee\Music\Lib_MCU\Debug\libLib_MCU.a(lpc17xx_libcfg_default.o)
 .debug_info    0x00005c58      0x4b1 C:\Users\Jee\Music\Lib_MCU\Debug\libLib_MCU.a(lpc17xx_pinsel.o)
 .debug_info    0x00006109      0x867 C:\Users\Jee\Music\Lib_MCU\Debug\libLib_MCU.a(lpc17xx_ssp.o)
 .debug_info    0x00006970     0x14df C:\Users\Jee\Music\Lib_MCU\Debug\libLib_MCU.a(lpc17xx_uart.o)
 .debug_info    0x00007e4f      0x641 C:\Users\Jee\Music\Lib_MCU\Debug\libLib_MCU.a(lpc17xx_clkpwr.o)
 .debug_info    0x00008490      0x106 c:/nxp/lpcxpresso_6.1.4_194/lpcxpresso/tools/bin/../lib/gcc/arm-none-eabi/4.6.2/../../../../arm-none-eabi/lib/armv7-m\libcr_newlib_semihost.a(_cr_sbrk.o)
 .debug_info    0x00008596       0xb5 c:/nxp/lpcxpresso_6.1.4_194/lpcxpresso/tools/bin/../lib/gcc/arm-none-eabi/4.6.2/../../../../arm-none-eabi/lib/armv7-m\libcr_newlib_semihost.a(_cr_check_heap.o)

.debug_abbrev   0x00000000     0x1a2d
 .debug_abbrev  0x00000000       0xb4 ./src/cr_startup_lpc17.o
 .debug_abbrev  0x000000b4      0x29d ./src/main.o
 .debug_abbrev  0x00000351       0xce C:\Users\Jee\Music\Lib_CMSISv1p30_LPC17xx\Debug\libCMSISv1p30_LPC17xx.a(system_LPC17xx.o)
 .debug_abbrev  0x0000041f      0x15c C:\Users\Jee\Music\Lib_EaBaseBoard\Debug\libLib_EaBaseBoard.a(acc.o)
 .debug_abbrev  0x0000057b       0x90 C:\Users\Jee\Music\Lib_EaBaseBoard\Debug\libLib_EaBaseBoard.a(joystick.o)
 .debug_abbrev  0x0000060b      0x155 C:\Users\Jee\Music\Lib_EaBaseBoard\Debug\libLib_EaBaseBoard.a(led7seg.o)
 .debug_abbrev  0x00000760      0x1bd C:\Users\Jee\Music\Lib_EaBaseBoard\Debug\libLib_EaBaseBoard.a(light.o)
 .debug_abbrev  0x0000091d      0x1f1 C:\Users\Jee\Music\Lib_EaBaseBoard\Debug\libLib_EaBaseBoard.a(oled.o)
 .debug_abbrev  0x00000b0e      0x1aa C:\Users\Jee\Music\Lib_EaBaseBoard\Debug\libLib_EaBaseBoard.a(pca9532.o)
 .debug_abbrev  0x00000cb8       0x8e C:\Users\Jee\Music\Lib_EaBaseBoard\Debug\libLib_EaBaseBoard.a(rgb.o)
 .debug_abbrev  0x00000d46       0x9f C:\Users\Jee\Music\Lib_EaBaseBoard\Debug\libLib_EaBaseBoard.a(rotary.o)
 .debug_abbrev  0x00000de5       0x4b C:\Users\Jee\Music\Lib_EaBaseBoard\Debug\libLib_EaBaseBoard.a(font5x7.o)
 .debug_abbrev  0x00000e30      0x185 C:\Users\Jee\Music\Lib_MCU\Debug\libLib_MCU.a(lpc17xx_gpio.o)
 .debug_abbrev  0x00000fb5      0x24a C:\Users\Jee\Music\Lib_MCU\Debug\libLib_MCU.a(lpc17xx_i2c.o)
 .debug_abbrev  0x000011ff       0x6a C:\Users\Jee\Music\Lib_MCU\Debug\libLib_MCU.a(lpc17xx_libcfg_default.o)
 .debug_abbrev  0x00001269      0x10a C:\Users\Jee\Music\Lib_MCU\Debug\libLib_MCU.a(lpc17xx_pinsel.o)
 .debug_abbrev  0x00001373      0x1d3 C:\Users\Jee\Music\Lib_MCU\Debug\libLib_MCU.a(lpc17xx_ssp.o)
 .debug_abbrev  0x00001546      0x259 C:\Users\Jee\Music\Lib_MCU\Debug\libLib_MCU.a(lpc17xx_uart.o)
 .debug_abbrev  0x0000179f      0x174 C:\Users\Jee\Music\Lib_MCU\Debug\libLib_MCU.a(lpc17xx_clkpwr.o)
 .debug_abbrev  0x00001913       0xa8 c:/nxp/lpcxpresso_6.1.4_194/lpcxpresso/tools/bin/../lib/gcc/arm-none-eabi/4.6.2/../../../../arm-none-eabi/lib/armv7-m\libcr_newlib_semihost.a(_cr_sbrk.o)
 .debug_abbrev  0x000019bb       0x72 c:/nxp/lpcxpresso_6.1.4_194/lpcxpresso/tools/bin/../lib/gcc/arm-none-eabi/4.6.2/../../../../arm-none-eabi/lib/armv7-m\libcr_newlib_semihost.a(_cr_check_heap.o)

.debug_loc      0x00000000     0x3294
 .debug_loc     0x00000000      0x1f0 ./src/cr_startup_lpc17.o
 .debug_loc     0x000001f0      0xa0e ./src/main.o
 .debug_loc     0x00000bfe       0x58 C:\Users\Jee\Music\Lib_CMSISv1p30_LPC17xx\Debug\libCMSISv1p30_LPC17xx.a(system_LPC17xx.o)
 .debug_loc     0x00000c56      0x1f0 C:\Users\Jee\Music\Lib_EaBaseBoard\Debug\libLib_EaBaseBoard.a(acc.o)
 .debug_loc     0x00000e46       0x64 C:\Users\Jee\Music\Lib_EaBaseBoard\Debug\libLib_EaBaseBoard.a(joystick.o)
 .debug_loc     0x00000eaa       0x64 C:\Users\Jee\Music\Lib_EaBaseBoard\Debug\libLib_EaBaseBoard.a(led7seg.o)
 .debug_loc     0x00000f0e      0x378 C:\Users\Jee\Music\Lib_EaBaseBoard\Debug\libLib_EaBaseBoard.a(light.o)
 .debug_loc     0x00001286      0x33e C:\Users\Jee\Music\Lib_EaBaseBoard\Debug\libLib_EaBaseBoard.a(oled.o)
 .debug_loc     0x000015c4      0x2d0 C:\Users\Jee\Music\Lib_EaBaseBoard\Debug\libLib_EaBaseBoard.a(pca9532.o)
 .debug_loc     0x00001894       0x64 C:\Users\Jee\Music\Lib_EaBaseBoard\Debug\libLib_EaBaseBoard.a(rgb.o)
 .debug_loc     0x000018f8       0x64 C:\Users\Jee\Music\Lib_EaBaseBoard\Debug\libLib_EaBaseBoard.a(rotary.o)
 .debug_loc     0x0000195c      0x4d0 C:\Users\Jee\Music\Lib_MCU\Debug\libLib_MCU.a(lpc17xx_gpio.o)
 .debug_loc     0x00001e2c      0x4e4 C:\Users\Jee\Music\Lib_MCU\Debug\libLib_MCU.a(lpc17xx_i2c.o)
 .debug_loc     0x00002310       0x38 C:\Users\Jee\Music\Lib_MCU\Debug\libLib_MCU.a(lpc17xx_libcfg_default.o)
 .debug_loc     0x00002348      0x150 C:\Users\Jee\Music\Lib_MCU\Debug\libLib_MCU.a(lpc17xx_pinsel.o)
 .debug_loc     0x00002498      0x448 C:\Users\Jee\Music\Lib_MCU\Debug\libLib_MCU.a(lpc17xx_ssp.o)
 .debug_loc     0x000028e0      0x77a C:\Users\Jee\Music\Lib_MCU\Debug\libLib_MCU.a(lpc17xx_uart.o)
 .debug_loc     0x0000305a      0x1bc C:\Users\Jee\Music\Lib_MCU\Debug\libLib_MCU.a(lpc17xx_clkpwr.o)
 .debug_loc     0x00003216       0x55 c:/nxp/lpcxpresso_6.1.4_194/lpcxpresso/tools/bin/../lib/gcc/arm-none-eabi/4.6.2/../../../../arm-none-eabi/lib/armv7-m\libcr_newlib_semihost.a(_cr_sbrk.o)
 .debug_loc     0x0000326b       0x29 c:/nxp/lpcxpresso_6.1.4_194/lpcxpresso/tools/bin/../lib/gcc/arm-none-eabi/4.6.2/../../../../arm-none-eabi/lib/armv7-m\libcr_newlib_semihost.a(_cr_check_heap.o)

.debug_aranges  0x00000000      0x978
 .debug_aranges
                0x00000000       0x70 ./src/cr_startup_lpc17.o
 .debug_aranges
                0x00000070      0x1b0 ./src/main.o
 .debug_aranges
                0x00000220       0x28 C:\Users\Jee\Music\Lib_CMSISv1p30_LPC17xx\Debug\libCMSISv1p30_LPC17xx.a(system_LPC17xx.o)
 .debug_aranges
                0x00000248       0x60 C:\Users\Jee\Music\Lib_EaBaseBoard\Debug\libLib_EaBaseBoard.a(acc.o)
 .debug_aranges
                0x000002a8       0x28 C:\Users\Jee\Music\Lib_EaBaseBoard\Debug\libLib_EaBaseBoard.a(joystick.o)
 .debug_aranges
                0x000002d0       0x28 C:\Users\Jee\Music\Lib_EaBaseBoard\Debug\libLib_EaBaseBoard.a(led7seg.o)
 .debug_aranges
                0x000002f8       0x98 C:\Users\Jee\Music\Lib_EaBaseBoard\Debug\libLib_EaBaseBoard.a(light.o)
 .debug_aranges
                0x00000390       0x90 C:\Users\Jee\Music\Lib_EaBaseBoard\Debug\libLib_EaBaseBoard.a(oled.o)
 .debug_aranges
                0x00000420       0x80 C:\Users\Jee\Music\Lib_EaBaseBoard\Debug\libLib_EaBaseBoard.a(pca9532.o)
 .debug_aranges
                0x000004a0       0x28 C:\Users\Jee\Music\Lib_EaBaseBoard\Debug\libLib_EaBaseBoard.a(rgb.o)
 .debug_aranges
                0x000004c8       0x28 C:\Users\Jee\Music\Lib_EaBaseBoard\Debug\libLib_EaBaseBoard.a(rotary.o)
 .debug_aranges
                0x000004f0       0xc8 C:\Users\Jee\Music\Lib_MCU\Debug\libLib_MCU.a(lpc17xx_gpio.o)
 .debug_aranges
                0x000005b8       0xd0 C:\Users\Jee\Music\Lib_MCU\Debug\libLib_MCU.a(lpc17xx_i2c.o)
 .debug_aranges
                0x00000688       0x20 C:\Users\Jee\Music\Lib_MCU\Debug\libLib_MCU.a(lpc17xx_libcfg_default.o)
 .debug_aranges
                0x000006a8       0x48 C:\Users\Jee\Music\Lib_MCU\Debug\libLib_MCU.a(lpc17xx_pinsel.o)
 .debug_aranges
                0x000006f0       0xb8 C:\Users\Jee\Music\Lib_MCU\Debug\libLib_MCU.a(lpc17xx_ssp.o)
 .debug_aranges
                0x000007a8      0x130 C:\Users\Jee\Music\Lib_MCU\Debug\libLib_MCU.a(lpc17xx_uart.o)
 .debug_aranges
                0x000008d8       0x60 C:\Users\Jee\Music\Lib_MCU\Debug\libLib_MCU.a(lpc17xx_clkpwr.o)
 .debug_aranges
                0x00000938       0x20 c:/nxp/lpcxpresso_6.1.4_194/lpcxpresso/tools/bin/../lib/gcc/arm-none-eabi/4.6.2/../../../../arm-none-eabi/lib/armv7-m\libcr_newlib_semihost.a(_cr_sbrk.o)
 .debug_aranges
                0x00000958       0x20 c:/nxp/lpcxpresso_6.1.4_194/lpcxpresso/tools/bin/../lib/gcc/arm-none-eabi/4.6.2/../../../../arm-none-eabi/lib/armv7-m\libcr_newlib_semihost.a(_cr_check_heap.o)

.debug_ranges   0x00000000      0x838
 .debug_ranges  0x00000000       0x60 ./src/cr_startup_lpc17.o
 .debug_ranges  0x00000060      0x1a0 ./src/main.o
 .debug_ranges  0x00000200       0x18 C:\Users\Jee\Music\Lib_CMSISv1p30_LPC17xx\Debug\libCMSISv1p30_LPC17xx.a(system_LPC17xx.o)
 .debug_ranges  0x00000218       0x50 C:\Users\Jee\Music\Lib_EaBaseBoard\Debug\libLib_EaBaseBoard.a(acc.o)
 .debug_ranges  0x00000268       0x18 C:\Users\Jee\Music\Lib_EaBaseBoard\Debug\libLib_EaBaseBoard.a(joystick.o)
 .debug_ranges  0x00000280       0x18 C:\Users\Jee\Music\Lib_EaBaseBoard\Debug\libLib_EaBaseBoard.a(led7seg.o)
 .debug_ranges  0x00000298       0x88 C:\Users\Jee\Music\Lib_EaBaseBoard\Debug\libLib_EaBaseBoard.a(light.o)
 .debug_ranges  0x00000320       0x80 C:\Users\Jee\Music\Lib_EaBaseBoard\Debug\libLib_EaBaseBoard.a(oled.o)
 .debug_ranges  0x000003a0       0x70 C:\Users\Jee\Music\Lib_EaBaseBoard\Debug\libLib_EaBaseBoard.a(pca9532.o)
 .debug_ranges  0x00000410       0x18 C:\Users\Jee\Music\Lib_EaBaseBoard\Debug\libLib_EaBaseBoard.a(rgb.o)
 .debug_ranges  0x00000428       0x18 C:\Users\Jee\Music\Lib_EaBaseBoard\Debug\libLib_EaBaseBoard.a(rotary.o)
 .debug_ranges  0x00000440       0xb8 C:\Users\Jee\Music\Lib_MCU\Debug\libLib_MCU.a(lpc17xx_gpio.o)
 .debug_ranges  0x000004f8       0xc0 C:\Users\Jee\Music\Lib_MCU\Debug\libLib_MCU.a(lpc17xx_i2c.o)
 .debug_ranges  0x000005b8       0x10 C:\Users\Jee\Music\Lib_MCU\Debug\libLib_MCU.a(lpc17xx_libcfg_default.o)
 .debug_ranges  0x000005c8       0x38 C:\Users\Jee\Music\Lib_MCU\Debug\libLib_MCU.a(lpc17xx_pinsel.o)
 .debug_ranges  0x00000600       0xa8 C:\Users\Jee\Music\Lib_MCU\Debug\libLib_MCU.a(lpc17xx_ssp.o)
 .debug_ranges  0x000006a8      0x120 C:\Users\Jee\Music\Lib_MCU\Debug\libLib_MCU.a(lpc17xx_uart.o)
 .debug_ranges  0x000007c8       0x50 C:\Users\Jee\Music\Lib_MCU\Debug\libLib_MCU.a(lpc17xx_clkpwr.o)
 .debug_ranges  0x00000818       0x10 c:/nxp/lpcxpresso_6.1.4_194/lpcxpresso/tools/bin/../lib/gcc/arm-none-eabi/4.6.2/../../../../arm-none-eabi/lib/armv7-m\libcr_newlib_semihost.a(_cr_sbrk.o)
 .debug_ranges  0x00000828       0x10 c:/nxp/lpcxpresso_6.1.4_194/lpcxpresso/tools/bin/../lib/gcc/arm-none-eabi/4.6.2/../../../../arm-none-eabi/lib/armv7-m\libcr_newlib_semihost.a(_cr_check_heap.o)

.debug_line     0x00000000     0x6a3f
 .debug_line    0x00000000      0x34e ./src/cr_startup_lpc17.o
 .debug_line    0x0000034e      0xda1 ./src/main.o
 .debug_line    0x000010ef      0x3ed C:\Users\Jee\Music\Lib_CMSISv1p30_LPC17xx\Debug\libCMSISv1p30_LPC17xx.a(system_LPC17xx.o)
 .debug_line    0x000014dc      0x494 C:\Users\Jee\Music\Lib_EaBaseBoard\Debug\libLib_EaBaseBoard.a(acc.o)
 .debug_line    0x00001970      0x3ff C:\Users\Jee\Music\Lib_EaBaseBoard\Debug\libLib_EaBaseBoard.a(joystick.o)
 .debug_line    0x00001d6f      0x40f C:\Users\Jee\Music\Lib_EaBaseBoard\Debug\libLib_EaBaseBoard.a(led7seg.o)
 .debug_line    0x0000217e      0x540 C:\Users\Jee\Music\Lib_EaBaseBoard\Debug\libLib_EaBaseBoard.a(light.o)
 .debug_line    0x000026be      0x719 C:\Users\Jee\Music\Lib_EaBaseBoard\Debug\libLib_EaBaseBoard.a(oled.o)
 .debug_line    0x00002dd7      0x52b C:\Users\Jee\Music\Lib_EaBaseBoard\Debug\libLib_EaBaseBoard.a(pca9532.o)
 .debug_line    0x00003302      0x3ea C:\Users\Jee\Music\Lib_EaBaseBoard\Debug\libLib_EaBaseBoard.a(rgb.o)
 .debug_line    0x000036ec      0x415 C:\Users\Jee\Music\Lib_EaBaseBoard\Debug\libLib_EaBaseBoard.a(rotary.o)
 .debug_line    0x00003b01       0x68 C:\Users\Jee\Music\Lib_EaBaseBoard\Debug\libLib_EaBaseBoard.a(font5x7.o)
 .debug_line    0x00003b69      0x5aa C:\Users\Jee\Music\Lib_MCU\Debug\libLib_MCU.a(lpc17xx_gpio.o)
 .debug_line    0x00004113      0x8c5 C:\Users\Jee\Music\Lib_MCU\Debug\libLib_MCU.a(lpc17xx_i2c.o)
 .debug_line    0x000049d8      0x364 C:\Users\Jee\Music\Lib_MCU\Debug\libLib_MCU.a(lpc17xx_libcfg_default.o)
 .debug_line    0x00004d3c      0x429 C:\Users\Jee\Music\Lib_MCU\Debug\libLib_MCU.a(lpc17xx_pinsel.o)
 .debug_line    0x00005165      0x7f8 C:\Users\Jee\Music\Lib_MCU\Debug\libLib_MCU.a(lpc17xx_ssp.o)
 .debug_line    0x0000595d      0xb44 C:\Users\Jee\Music\Lib_MCU\Debug\libLib_MCU.a(lpc17xx_uart.o)
 .debug_line    0x000064a1      0x48a C:\Users\Jee\Music\Lib_MCU\Debug\libLib_MCU.a(lpc17xx_clkpwr.o)
 .debug_line    0x0000692b       0xc0 c:/nxp/lpcxpresso_6.1.4_194/lpcxpresso/tools/bin/../lib/gcc/arm-none-eabi/4.6.2/../../../../arm-none-eabi/lib/armv7-m\libcr_newlib_semihost.a(_cr_sbrk.o)
 .debug_line    0x000069eb       0x54 c:/nxp/lpcxpresso_6.1.4_194/lpcxpresso/tools/bin/../lib/gcc/arm-none-eabi/4.6.2/../../../../arm-none-eabi/lib/armv7-m\libcr_newlib_semihost.a(_cr_check_heap.o)

.debug_macinfo  0x00000000    0xa2a66
 .debug_macinfo
                0x00000000     0x2c15 ./src/cr_startup_lpc17.o
 .debug_macinfo
                0x00002c15     0xef85 ./src/main.o
 .debug_macinfo
                0x00011b9a     0x83f8 C:\Users\Jee\Music\Lib_CMSISv1p30_LPC17xx\Debug\libCMSISv1p30_LPC17xx.a(system_LPC17xx.o)
 .debug_macinfo
                0x00019f92     0x8f1b C:\Users\Jee\Music\Lib_EaBaseBoard\Debug\libLib_EaBaseBoard.a(acc.o)
 .debug_macinfo
                0x00022ead     0x858b C:\Users\Jee\Music\Lib_EaBaseBoard\Debug\libLib_EaBaseBoard.a(joystick.o)
 .debug_macinfo
                0x0002b438     0x96a3 C:\Users\Jee\Music\Lib_EaBaseBoard\Debug\libLib_EaBaseBoard.a(led7seg.o)
 .debug_macinfo
                0x00034adb     0x8e3a C:\Users\Jee\Music\Lib_EaBaseBoard\Debug\libLib_EaBaseBoard.a(light.o)
 .debug_macinfo
                0x0003d915     0xa143 C:\Users\Jee\Music\Lib_EaBaseBoard\Debug\libLib_EaBaseBoard.a(oled.o)
 .debug_macinfo
                0x00047a58     0x8e59 C:\Users\Jee\Music\Lib_EaBaseBoard\Debug\libLib_EaBaseBoard.a(pca9532.o)
 .debug_macinfo
                0x000508b1     0x854c C:\Users\Jee\Music\Lib_EaBaseBoard\Debug\libLib_EaBaseBoard.a(rgb.o)
 .debug_macinfo
                0x00058dfd     0x85c7 C:\Users\Jee\Music\Lib_EaBaseBoard\Debug\libLib_EaBaseBoard.a(rotary.o)
 .debug_macinfo
                0x000613c4     0x332a C:\Users\Jee\Music\Lib_EaBaseBoard\Debug\libLib_EaBaseBoard.a(font5x7.o)
 .debug_macinfo
                0x000646ee     0x86b8 C:\Users\Jee\Music\Lib_MCU\Debug\libLib_MCU.a(lpc17xx_gpio.o)
 .debug_macinfo
                0x0006cda6     0xa5d8 C:\Users\Jee\Music\Lib_MCU\Debug\libLib_MCU.a(lpc17xx_i2c.o)
 .debug_macinfo
                0x0007737e     0x400d C:\Users\Jee\Music\Lib_MCU\Debug\libLib_MCU.a(lpc17xx_libcfg_default.o)
 .debug_macinfo
                0x0007b38b     0x87d3 C:\Users\Jee\Music\Lib_MCU\Debug\libLib_MCU.a(lpc17xx_pinsel.o)
 .debug_macinfo
                0x00083b5e     0xa8d0 C:\Users\Jee\Music\Lib_MCU\Debug\libLib_MCU.a(lpc17xx_ssp.o)
 .debug_macinfo
                0x0008e42e     0xb03f C:\Users\Jee\Music\Lib_MCU\Debug\libLib_MCU.a(lpc17xx_uart.o)
 .debug_macinfo
                0x0009946d     0x95f9 C:\Users\Jee\Music\Lib_MCU\Debug\libLib_MCU.a(lpc17xx_clkpwr.o)

.debug_str      0x00000000     0x2d2f
 .debug_str     0x00000000      0x1a9 ./src/cr_startup_lpc17.o
                                0x1e3 (size before relaxing)
 .debug_str     0x000001a9      0xe89 ./src/main.o
                                0xfe5 (size before relaxing)
 .debug_str     0x00001032       0x69 C:\Users\Jee\Music\Lib_CMSISv1p30_LPC17xx\Debug\libCMSISv1p30_LPC17xx.a(system_LPC17xx.o)
                                0x282 (size before relaxing)
 .debug_str     0x0000109b      0x1ff C:\Users\Jee\Music\Lib_EaBaseBoard\Debug\libLib_EaBaseBoard.a(acc.o)
                                0x37e (size before relaxing)
 .debug_str     0x0000129a       0x3a C:\Users\Jee\Music\Lib_EaBaseBoard\Debug\libLib_EaBaseBoard.a(joystick.o)
                                0x14f (size before relaxing)
 .debug_str     0x000012d4       0x95 C:\Users\Jee\Music\Lib_EaBaseBoard\Debug\libLib_EaBaseBoard.a(led7seg.o)
                                0x1ea (size before relaxing)
 .debug_str     0x00001369      0x204 C:\Users\Jee\Music\Lib_EaBaseBoard\Debug\libLib_EaBaseBoard.a(light.o)
                                0x4e3 (size before relaxing)
 .debug_str     0x0000156d      0x1a9 C:\Users\Jee\Music\Lib_EaBaseBoard\Debug\libLib_EaBaseBoard.a(oled.o)
                                0x39b (size before relaxing)
 .debug_str     0x00001716      0x136 C:\Users\Jee\Music\Lib_EaBaseBoard\Debug\libLib_EaBaseBoard.a(pca9532.o)
                                0x3d5 (size before relaxing)
 .debug_str     0x0000184c       0x22 C:\Users\Jee\Music\Lib_EaBaseBoard\Debug\libLib_EaBaseBoard.a(rgb.o)
                                0x12f (size before relaxing)
 .debug_str     0x0000186e       0x2e C:\Users\Jee\Music\Lib_EaBaseBoard\Debug\libLib_EaBaseBoard.a(rotary.o)
                                0x139 (size before relaxing)
 .debug_str     0x0000189c       0x11 C:\Users\Jee\Music\Lib_EaBaseBoard\Debug\libLib_EaBaseBoard.a(font5x7.o)
                                 0xa6 (size before relaxing)
 .debug_str     0x000018ad      0x35f C:\Users\Jee\Music\Lib_MCU\Debug\libLib_MCU.a(lpc17xx_gpio.o)
                                0x457 (size before relaxing)
 .debug_str     0x00001c0c      0x2f4 C:\Users\Jee\Music\Lib_MCU\Debug\libLib_MCU.a(lpc17xx_i2c.o)
                                0x7ed (size before relaxing)
 .debug_str     0x00001f00       0x32 C:\Users\Jee\Music\Lib_MCU\Debug\libLib_MCU.a(lpc17xx_libcfg_default.o)
                                0x130 (size before relaxing)
 .debug_str     0x00001f32      0x214 C:\Users\Jee\Music\Lib_MCU\Debug\libLib_MCU.a(lpc17xx_pinsel.o)
                                0x38c (size before relaxing)
 .debug_str     0x00002146      0x209 C:\Users\Jee\Music\Lib_MCU\Debug\libLib_MCU.a(lpc17xx_ssp.o)
                                0x46a (size before relaxing)
 .debug_str     0x0000234f      0x814 C:\Users\Jee\Music\Lib_MCU\Debug\libLib_MCU.a(lpc17xx_uart.o)
                                0xc40 (size before relaxing)
 .debug_str     0x00002b63       0xcb C:\Users\Jee\Music\Lib_MCU\Debug\libLib_MCU.a(lpc17xx_clkpwr.o)
                                0x388 (size before relaxing)
 .debug_str     0x00002c2e       0xbc c:/nxp/lpcxpresso_6.1.4_194/lpcxpresso/tools/bin/../lib/gcc/arm-none-eabi/4.6.2/../../../../arm-none-eabi/lib/armv7-m\libcr_newlib_semihost.a(_cr_sbrk.o)
                                0x145 (size before relaxing)
 .debug_str     0x00002cea       0x45 c:/nxp/lpcxpresso_6.1.4_194/lpcxpresso/tools/bin/../lib/gcc/arm-none-eabi/4.6.2/../../../../arm-none-eabi/lib/armv7-m\libcr_newlib_semihost.a(_cr_check_heap.o)
                                 0xd1 (size before relaxing)

.comment        0x00000000       0x9a
 .comment       0x00000000       0x70 ./src/cr_startup_lpc17.o
                                 0x71 (size before relaxing)
 .comment       0x00000000       0x71 ./src/main.o
 .comment       0x00000000       0x71 C:\Users\Jee\Music\Lib_CMSISv1p30_LPC17xx\Debug\libCMSISv1p30_LPC17xx.a(system_LPC17xx.o)
 .comment       0x00000000       0x71 C:\Users\Jee\Music\Lib_EaBaseBoard\Debug\libLib_EaBaseBoard.a(acc.o)
 .comment       0x00000000       0x71 C:\Users\Jee\Music\Lib_EaBaseBoard\Debug\libLib_EaBaseBoard.a(joystick.o)
 .comment       0x00000000       0x71 C:\Users\Jee\Music\Lib_EaBaseBoard\Debug\libLib_EaBaseBoard.a(led7seg.o)
 .comment       0x00000000       0x71 C:\Users\Jee\Music\Lib_EaBaseBoard\Debug\libLib_EaBaseBoard.a(light.o)
 .comment       0x00000000       0x71 C:\Users\Jee\Music\Lib_EaBaseBoard\Debug\libLib_EaBaseBoard.a(oled.o)
 .comment       0x00000000       0x71 C:\Users\Jee\Music\Lib_EaBaseBoard\Debug\libLib_EaBaseBoard.a(pca9532.o)
 .comment       0x00000000       0x71 C:\Users\Jee\Music\Lib_EaBaseBoard\Debug\libLib_EaBaseBoard.a(rgb.o)
 .comment       0x00000000       0x71 C:\Users\Jee\Music\Lib_EaBaseBoard\Debug\libLib_EaBaseBoard.a(rotary.o)
 .comment       0x00000000       0x71 C:\Users\Jee\Music\Lib_EaBaseBoard\Debug\libLib_EaBaseBoard.a(font5x7.o)
 .comment       0x00000000       0x71 C:\Users\Jee\Music\Lib_MCU\Debug\libLib_MCU.a(lpc17xx_gpio.o)
 .comment       0x00000000       0x71 C:\Users\Jee\Music\Lib_MCU\Debug\libLib_MCU.a(lpc17xx_i2c.o)
 .comment       0x00000000       0x71 C:\Users\Jee\Music\Lib_MCU\Debug\libLib_MCU.a(lpc17xx_libcfg_default.o)
 .comment       0x00000000       0x71 C:\Users\Jee\Music\Lib_MCU\Debug\libLib_MCU.a(lpc17xx_pinsel.o)
 .comment       0x00000000       0x71 C:\Users\Jee\Music\Lib_MCU\Debug\libLib_MCU.a(lpc17xx_ssp.o)
 .comment       0x00000000       0x71 C:\Users\Jee\Music\Lib_MCU\Debug\libLib_MCU.a(lpc17xx_uart.o)
 .comment       0x00000000       0x71 C:\Users\Jee\Music\Lib_MCU\Debug\libLib_MCU.a(lpc17xx_clkpwr.o)
 .comment       0x00000070       0x2a c:/nxp/lpcxpresso_6.1.4_194/lpcxpresso/tools/bin/../lib/gcc/arm-none-eabi/4.6.2/../../../../arm-none-eabi/lib/armv7-m\libcr_newlib_semihost.a(_cr_sbrk.o)
                                 0x2b (size before relaxing)
 .comment       0x00000000       0x2b c:/nxp/lpcxpresso_6.1.4_194/lpcxpresso/tools/bin/../lib/gcc/arm-none-eabi/4.6.2/../../../../arm-none-eabi/lib/armv7-m\libcr_newlib_semihost.a(_cr_check_heap.o)

.ARM.attributes
                0x00000000       0x33
 .ARM.attributes
                0x00000000       0x33 ./src/cr_startup_lpc17.o
 .ARM.attributes
                0x00000033       0x33 ./src/main.o
 .ARM.attributes
                0x00000066       0x33 C:\Users\Jee\Music\Lib_CMSISv1p30_LPC17xx\Debug\libCMSISv1p30_LPC17xx.a(system_LPC17xx.o)
 .ARM.attributes
                0x00000099       0x33 C:\Users\Jee\Music\Lib_EaBaseBoard\Debug\libLib_EaBaseBoard.a(acc.o)
 .ARM.attributes
                0x000000cc       0x33 C:\Users\Jee\Music\Lib_EaBaseBoard\Debug\libLib_EaBaseBoard.a(joystick.o)
 .ARM.attributes
                0x000000ff       0x33 C:\Users\Jee\Music\Lib_EaBaseBoard\Debug\libLib_EaBaseBoard.a(led7seg.o)
 .ARM.attributes
                0x00000132       0x33 C:\Users\Jee\Music\Lib_EaBaseBoard\Debug\libLib_EaBaseBoard.a(light.o)
 .ARM.attributes
                0x00000165       0x33 C:\Users\Jee\Music\Lib_EaBaseBoard\Debug\libLib_EaBaseBoard.a(oled.o)
 .ARM.attributes
                0x00000198       0x33 C:\Users\Jee\Music\Lib_EaBaseBoard\Debug\libLib_EaBaseBoard.a(pca9532.o)
 .ARM.attributes
                0x000001cb       0x33 C:\Users\Jee\Music\Lib_EaBaseBoard\Debug\libLib_EaBaseBoard.a(rgb.o)
 .ARM.attributes
                0x000001fe       0x33 C:\Users\Jee\Music\Lib_EaBaseBoard\Debug\libLib_EaBaseBoard.a(rotary.o)
 .ARM.attributes
                0x00000231       0x33 C:\Users\Jee\Music\Lib_EaBaseBoard\Debug\libLib_EaBaseBoard.a(font5x7.o)
 .ARM.attributes
                0x00000264       0x33 C:\Users\Jee\Music\Lib_MCU\Debug\libLib_MCU.a(lpc17xx_gpio.o)
 .ARM.attributes
                0x00000297       0x33 C:\Users\Jee\Music\Lib_MCU\Debug\libLib_MCU.a(lpc17xx_i2c.o)
 .ARM.attributes
                0x000002ca       0x33 C:\Users\Jee\Music\Lib_MCU\Debug\libLib_MCU.a(lpc17xx_libcfg_default.o)
 .ARM.attributes
                0x000002fd       0x33 C:\Users\Jee\Music\Lib_MCU\Debug\libLib_MCU.a(lpc17xx_pinsel.o)
 .ARM.attributes
                0x00000330       0x33 C:\Users\Jee\Music\Lib_MCU\Debug\libLib_MCU.a(lpc17xx_ssp.o)
 .ARM.attributes
                0x00000363       0x33 C:\Users\Jee\Music\Lib_MCU\Debug\libLib_MCU.a(lpc17xx_uart.o)
 .ARM.attributes
                0x00000396       0x33 C:\Users\Jee\Music\Lib_MCU\Debug\libLib_MCU.a(lpc17xx_clkpwr.o)
 .ARM.attributes
                0x000003c9       0x1d c:/nxp/lpcxpresso_6.1.4_194/lpcxpresso/tools/bin/../lib/gcc/arm-none-eabi/4.6.2/armv7-m\libgcc.a(_arm_addsubdf3.o)
 .ARM.attributes
                0x000003e6       0x1d c:/nxp/lpcxpresso_6.1.4_194/lpcxpresso/tools/bin/../lib/gcc/arm-none-eabi/4.6.2/armv7-m\libgcc.a(_arm_muldivdf3.o)
 .ARM.attributes
                0x00000403       0x1d c:/nxp/lpcxpresso_6.1.4_194/lpcxpresso/tools/bin/../lib/gcc/arm-none-eabi/4.6.2/armv7-m\libgcc.a(_arm_cmpdf2.o)
 .ARM.attributes
                0x00000420       0x1d c:/nxp/lpcxpresso_6.1.4_194/lpcxpresso/tools/bin/../lib/gcc/arm-none-eabi/4.6.2/armv7-m\libgcc.a(_arm_truncdfsf2.o)
 .ARM.attributes
                0x0000043d       0x1d c:/nxp/lpcxpresso_6.1.4_194/lpcxpresso/tools/bin/../lib/gcc/arm-none-eabi/4.6.2/armv7-m\libgcc.a(_arm_cmpsf2.o)
 .ARM.attributes
                0x0000045a       0x1d c:/nxp/lpcxpresso_6.1.4_194/lpcxpresso/tools/bin/../lib/gcc/arm-none-eabi/4.6.2/armv7-m\libgcc.a(_aeabi_uldivmod.o)
 .ARM.attributes
                0x00000477       0x2d c:/nxp/lpcxpresso_6.1.4_194/lpcxpresso/tools/bin/../lib/gcc/arm-none-eabi/4.6.2/armv7-m\libgcc.a(bpabi.o)
 .ARM.attributes
                0x000004a4       0x1d c:/nxp/lpcxpresso_6.1.4_194/lpcxpresso/tools/bin/../lib/gcc/arm-none-eabi/4.6.2/armv7-m\libgcc.a(_dvmd_tls.o)
 .ARM.attributes
                0x000004c1       0x2d c:/nxp/lpcxpresso_6.1.4_194/lpcxpresso/tools/bin/../lib/gcc/arm-none-eabi/4.6.2/armv7-m\libgcc.a(_divdi3.o)
 .ARM.attributes
                0x000004ee       0x2d c:/nxp/lpcxpresso_6.1.4_194/lpcxpresso/tools/bin/../lib/gcc/arm-none-eabi/4.6.2/armv7-m\libgcc.a(_udivdi3.o)
 .ARM.attributes
                0x0000051b       0x2d c:/nxp/lpcxpresso_6.1.4_194/lpcxpresso/tools/bin/../lib/gcc/arm-none-eabi/4.6.2/../../../../arm-none-eabi/lib/armv7-m\libc.a(lib_a-memset.o)
 .ARM.attributes
                0x00000548       0x2d c:/nxp/lpcxpresso_6.1.4_194/lpcxpresso/tools/bin/../lib/gcc/arm-none-eabi/4.6.2/../../../../arm-none-eabi/lib/armv7-m\libc.a(lib_a-sprintf.o)
 .ARM.attributes
                0x00000575       0x2d c:/nxp/lpcxpresso_6.1.4_194/lpcxpresso/tools/bin/../lib/gcc/arm-none-eabi/4.6.2/../../../../arm-none-eabi/lib/armv7-m\libc.a(lib_a-strcat.o)
 .ARM.attributes
                0x000005a2       0x2d c:/nxp/lpcxpresso_6.1.4_194/lpcxpresso/tools/bin/../lib/gcc/arm-none-eabi/4.6.2/../../../../arm-none-eabi/lib/armv7-m\libc.a(lib_a-strcmp.o)
 .ARM.attributes
                0x000005cf       0x2d c:/nxp/lpcxpresso_6.1.4_194/lpcxpresso/tools/bin/../lib/gcc/arm-none-eabi/4.6.2/../../../../arm-none-eabi/lib/armv7-m\libc.a(lib_a-strcpy.o)
 .ARM.attributes
                0x000005fc       0x2d c:/nxp/lpcxpresso_6.1.4_194/lpcxpresso/tools/bin/../lib/gcc/arm-none-eabi/4.6.2/../../../../arm-none-eabi/lib/armv7-m\libc.a(lib_a-strlen.o)
 .ARM.attributes
                0x00000629       0x2d c:/nxp/lpcxpresso_6.1.4_194/lpcxpresso/tools/bin/../lib/gcc/arm-none-eabi/4.6.2/../../../../arm-none-eabi/lib/armv7-m\libc.a(lib_a-svfprintf.o)
 .ARM.attributes
                0x00000656       0x2d c:/nxp/lpcxpresso_6.1.4_194/lpcxpresso/tools/bin/../lib/gcc/arm-none-eabi/4.6.2/../../../../arm-none-eabi/lib/armv7-m\libc.a(lib_a-dtoa.o)
 .ARM.attributes
                0x00000683       0x2d c:/nxp/lpcxpresso_6.1.4_194/lpcxpresso/tools/bin/../lib/gcc/arm-none-eabi/4.6.2/../../../../arm-none-eabi/lib/armv7-m\libc.a(lib_a-impure.o)
 .ARM.attributes
                0x000006b0       0x2d c:/nxp/lpcxpresso_6.1.4_194/lpcxpresso/tools/bin/../lib/gcc/arm-none-eabi/4.6.2/../../../../arm-none-eabi/lib/armv7-m\libc.a(lib_a-locale.o)
 .ARM.attributes
                0x000006dd       0x2d c:/nxp/lpcxpresso_6.1.4_194/lpcxpresso/tools/bin/../lib/gcc/arm-none-eabi/4.6.2/../../../../arm-none-eabi/lib/armv7-m\libc.a(lib_a-mallocr.o)
 .ARM.attributes
                0x0000070a       0x2d c:/nxp/lpcxpresso_6.1.4_194/lpcxpresso/tools/bin/../lib/gcc/arm-none-eabi/4.6.2/../../../../arm-none-eabi/lib/armv7-m\libc.a(lib_a-memchr.o)
 .ARM.attributes
                0x00000737       0x2d c:/nxp/lpcxpresso_6.1.4_194/lpcxpresso/tools/bin/../lib/gcc/arm-none-eabi/4.6.2/../../../../arm-none-eabi/lib/armv7-m\libc.a(lib_a-memcpy.o)
 .ARM.attributes
                0x00000764       0x2d c:/nxp/lpcxpresso_6.1.4_194/lpcxpresso/tools/bin/../lib/gcc/arm-none-eabi/4.6.2/../../../../arm-none-eabi/lib/armv7-m\libc.a(lib_a-mlock.o)
 .ARM.attributes
                0x00000791       0x2d c:/nxp/lpcxpresso_6.1.4_194/lpcxpresso/tools/bin/../lib/gcc/arm-none-eabi/4.6.2/../../../../arm-none-eabi/lib/armv7-m\libc.a(lib_a-mprec.o)
 .ARM.attributes
                0x000007be       0x2d c:/nxp/lpcxpresso_6.1.4_194/lpcxpresso/tools/bin/../lib/gcc/arm-none-eabi/4.6.2/../../../../arm-none-eabi/lib/armv7-m\libc.a(lib_a-s_fpclassify.o)
 .ARM.attributes
                0x000007eb       0x2d c:/nxp/lpcxpresso_6.1.4_194/lpcxpresso/tools/bin/../lib/gcc/arm-none-eabi/4.6.2/../../../../arm-none-eabi/lib/armv7-m\libc.a(lib_a-sbrkr.o)
 .ARM.attributes
                0x00000818       0x2d c:/nxp/lpcxpresso_6.1.4_194/lpcxpresso/tools/bin/../lib/gcc/arm-none-eabi/4.6.2/../../../../arm-none-eabi/lib/armv7-m\libc.a(lib_a-svfiprintf.o)
 .ARM.attributes
                0x00000845       0x2d c:/nxp/lpcxpresso_6.1.4_194/lpcxpresso/tools/bin/../lib/gcc/arm-none-eabi/4.6.2/../../../../arm-none-eabi/lib/armv7-m\libc.a(lib_a-callocr.o)
 .ARM.attributes
                0x00000872       0x2d c:/nxp/lpcxpresso_6.1.4_194/lpcxpresso/tools/bin/../lib/gcc/arm-none-eabi/4.6.2/../../../../arm-none-eabi/lib/armv7-m\libc.a(lib_a-freer.o)
 .ARM.attributes
                0x0000089f       0x2d c:/nxp/lpcxpresso_6.1.4_194/lpcxpresso/tools/bin/../lib/gcc/arm-none-eabi/4.6.2/../../../../arm-none-eabi/lib/armv7-m\libc.a(lib_a-memmove.o)
 .ARM.attributes
                0x000008cc       0x2d c:/nxp/lpcxpresso_6.1.4_194/lpcxpresso/tools/bin/../lib/gcc/arm-none-eabi/4.6.2/../../../../arm-none-eabi/lib/armv7-m\libc.a(lib_a-reallocr.o)
 .ARM.attributes
                0x000008f9       0x2d c:/nxp/lpcxpresso_6.1.4_194/lpcxpresso/tools/bin/../lib/gcc/arm-none-eabi/4.6.2/../../../../arm-none-eabi/lib/armv7-m\libc.a(lib_a-reent.o)
 .ARM.attributes
                0x00000926       0x2d c:/nxp/lpcxpresso_6.1.4_194/lpcxpresso/tools/bin/../lib/gcc/arm-none-eabi/4.6.2/../../../../arm-none-eabi/lib/armv7-m\libm.a(lib_a-s_fabs.o)
 .ARM.attributes
                0x00000953       0x31 c:/nxp/lpcxpresso_6.1.4_194/lpcxpresso/tools/bin/../lib/gcc/arm-none-eabi/4.6.2/../../../../arm-none-eabi/lib/armv7-m\libcr_newlib_semihost.a(_cr_sbrk.o)
 .ARM.attributes
                0x00000984       0x31 c:/nxp/lpcxpresso_6.1.4_194/lpcxpresso/tools/bin/../lib/gcc/arm-none-eabi/4.6.2/../../../../arm-none-eabi/lib/armv7-m\libcr_newlib_semihost.a(_cr_check_heap.o)
 .ARM.attributes
                0x000009b5       0x1d c:/nxp/lpcxpresso_6.1.4_194/lpcxpresso/tools/bin/../lib/gcc/arm-none-eabi/4.6.2/armv7-m\libgcc.a(_arm_fixdfsi.o)
 .ARM.attributes
                0x000009d2       0x2d c:/nxp/lpcxpresso_6.1.4_194/lpcxpresso/tools/bin/../lib/gcc/arm-none-eabi/4.6.2/../../../../arm-none-eabi/lib/armv7-m\libc.a(lib_a-errno.o)

.debug_frame    0x00000000     0x2624
 .debug_frame   0x00000000      0x120 ./src/cr_startup_lpc17.o
 .debug_frame   0x00000120      0x5f4 ./src/main.o
 .debug_frame   0x00000714       0x48 C:\Users\Jee\Music\Lib_CMSISv1p30_LPC17xx\Debug\libCMSISv1p30_LPC17xx.a(system_LPC17xx.o)
 .debug_frame   0x0000075c      0x12c C:\Users\Jee\Music\Lib_EaBaseBoard\Debug\libLib_EaBaseBoard.a(acc.o)
 .debug_frame   0x00000888       0x4c C:\Users\Jee\Music\Lib_EaBaseBoard\Debug\libLib_EaBaseBoard.a(joystick.o)
 .debug_frame   0x000008d4       0x4c C:\Users\Jee\Music\Lib_EaBaseBoard\Debug\libLib_EaBaseBoard.a(led7seg.o)
 .debug_frame   0x00000920      0x208 C:\Users\Jee\Music\Lib_EaBaseBoard\Debug\libLib_EaBaseBoard.a(light.o)
 .debug_frame   0x00000b28      0x1ec C:\Users\Jee\Music\Lib_EaBaseBoard\Debug\libLib_EaBaseBoard.a(oled.o)
 .debug_frame   0x00000d14      0x1a8 C:\Users\Jee\Music\Lib_EaBaseBoard\Debug\libLib_EaBaseBoard.a(pca9532.o)
 .debug_frame   0x00000ebc       0x4c C:\Users\Jee\Music\Lib_EaBaseBoard\Debug\libLib_EaBaseBoard.a(rgb.o)
 .debug_frame   0x00000f08       0x4c C:\Users\Jee\Music\Lib_EaBaseBoard\Debug\libLib_EaBaseBoard.a(rotary.o)
 .debug_frame   0x00000f54      0x2c4 C:\Users\Jee\Music\Lib_MCU\Debug\libLib_MCU.a(lpc17xx_gpio.o)
 .debug_frame   0x00001218      0x2c8 C:\Users\Jee\Music\Lib_MCU\Debug\libLib_MCU.a(lpc17xx_i2c.o)
 .debug_frame   0x000014e0       0x2c C:\Users\Jee\Music\Lib_MCU\Debug\libLib_MCU.a(lpc17xx_libcfg_default.o)
 .debug_frame   0x0000150c       0xbc C:\Users\Jee\Music\Lib_MCU\Debug\libLib_MCU.a(lpc17xx_pinsel.o)
 .debug_frame   0x000015c8      0x280 C:\Users\Jee\Music\Lib_MCU\Debug\libLib_MCU.a(lpc17xx_ssp.o)
 .debug_frame   0x00001848      0x44c C:\Users\Jee\Music\Lib_MCU\Debug\libLib_MCU.a(lpc17xx_uart.o)
 .debug_frame   0x00001c94      0x10c C:\Users\Jee\Music\Lib_MCU\Debug\libLib_MCU.a(lpc17xx_clkpwr.o)
 .debug_frame   0x00001da0       0x50 c:/nxp/lpcxpresso_6.1.4_194/lpcxpresso/tools/bin/../lib/gcc/arm-none-eabi/4.6.2/armv7-m\libgcc.a(bpabi.o)
 .debug_frame   0x00001df0       0x34 c:/nxp/lpcxpresso_6.1.4_194/lpcxpresso/tools/bin/../lib/gcc/arm-none-eabi/4.6.2/armv7-m\libgcc.a(_divdi3.o)
 .debug_frame   0x00001e24       0x34 c:/nxp/lpcxpresso_6.1.4_194/lpcxpresso/tools/bin/../lib/gcc/arm-none-eabi/4.6.2/armv7-m\libgcc.a(_udivdi3.o)
 .debug_frame   0x00001e58       0x2c c:/nxp/lpcxpresso_6.1.4_194/lpcxpresso/tools/bin/../lib/gcc/arm-none-eabi/4.6.2/../../../../arm-none-eabi/lib/armv7-m\libc.a(lib_a-memset.o)
 .debug_frame   0x00001e84       0x64 c:/nxp/lpcxpresso_6.1.4_194/lpcxpresso/tools/bin/../lib/gcc/arm-none-eabi/4.6.2/../../../../arm-none-eabi/lib/armv7-m\libc.a(lib_a-sprintf.o)
 .debug_frame   0x00001ee8       0x2c c:/nxp/lpcxpresso_6.1.4_194/lpcxpresso/tools/bin/../lib/gcc/arm-none-eabi/4.6.2/../../../../arm-none-eabi/lib/armv7-m\libc.a(lib_a-strcat.o)
 .debug_frame   0x00001f14       0x30 c:/nxp/lpcxpresso_6.1.4_194/lpcxpresso/tools/bin/../lib/gcc/arm-none-eabi/4.6.2/../../../../arm-none-eabi/lib/armv7-m\libc.a(lib_a-strcmp.o)
 .debug_frame   0x00001f44       0x20 c:/nxp/lpcxpresso_6.1.4_194/lpcxpresso/tools/bin/../lib/gcc/arm-none-eabi/4.6.2/../../../../arm-none-eabi/lib/armv7-m\libc.a(lib_a-strcpy.o)
 .debug_frame   0x00001f64       0x20 c:/nxp/lpcxpresso_6.1.4_194/lpcxpresso/tools/bin/../lib/gcc/arm-none-eabi/4.6.2/../../../../arm-none-eabi/lib/armv7-m\libc.a(lib_a-strlen.o)
 .debug_frame   0x00001f84       0x3c c:/nxp/lpcxpresso_6.1.4_194/lpcxpresso/tools/bin/../lib/gcc/arm-none-eabi/4.6.2/../../../../arm-none-eabi/lib/armv7-m\libc.a(lib_a-svfprintf.o)
 .debug_frame   0x00001fc0       0x64 c:/nxp/lpcxpresso_6.1.4_194/lpcxpresso/tools/bin/../lib/gcc/arm-none-eabi/4.6.2/../../../../arm-none-eabi/lib/armv7-m\libc.a(lib_a-dtoa.o)
 .debug_frame   0x00002024       0x98 c:/nxp/lpcxpresso_6.1.4_194/lpcxpresso/tools/bin/../lib/gcc/arm-none-eabi/4.6.2/../../../../arm-none-eabi/lib/armv7-m\libc.a(lib_a-locale.o)
 .debug_frame   0x000020bc       0x38 c:/nxp/lpcxpresso_6.1.4_194/lpcxpresso/tools/bin/../lib/gcc/arm-none-eabi/4.6.2/../../../../arm-none-eabi/lib/armv7-m\libc.a(lib_a-mallocr.o)
 .debug_frame   0x000020f4       0x2c c:/nxp/lpcxpresso_6.1.4_194/lpcxpresso/tools/bin/../lib/gcc/arm-none-eabi/4.6.2/../../../../arm-none-eabi/lib/armv7-m\libc.a(lib_a-memchr.o)
 .debug_frame   0x00002120       0x2c c:/nxp/lpcxpresso_6.1.4_194/lpcxpresso/tools/bin/../lib/gcc/arm-none-eabi/4.6.2/../../../../arm-none-eabi/lib/armv7-m\libc.a(lib_a-memcpy.o)
 .debug_frame   0x0000214c       0x30 c:/nxp/lpcxpresso_6.1.4_194/lpcxpresso/tools/bin/../lib/gcc/arm-none-eabi/4.6.2/../../../../arm-none-eabi/lib/armv7-m\libc.a(lib_a-mlock.o)
 .debug_frame   0x0000217c      0x228 c:/nxp/lpcxpresso_6.1.4_194/lpcxpresso/tools/bin/../lib/gcc/arm-none-eabi/4.6.2/../../../../arm-none-eabi/lib/armv7-m\libc.a(lib_a-mprec.o)
 .debug_frame   0x000023a4       0x20 c:/nxp/lpcxpresso_6.1.4_194/lpcxpresso/tools/bin/../lib/gcc/arm-none-eabi/4.6.2/../../../../arm-none-eabi/lib/armv7-m\libc.a(lib_a-s_fpclassify.o)
 .debug_frame   0x000023c4       0x2c c:/nxp/lpcxpresso_6.1.4_194/lpcxpresso/tools/bin/../lib/gcc/arm-none-eabi/4.6.2/../../../../arm-none-eabi/lib/armv7-m\libc.a(lib_a-sbrkr.o)
 .debug_frame   0x000023f0       0x64 c:/nxp/lpcxpresso_6.1.4_194/lpcxpresso/tools/bin/../lib/gcc/arm-none-eabi/4.6.2/../../../../arm-none-eabi/lib/armv7-m\libc.a(lib_a-svfiprintf.o)
 .debug_frame   0x00002454       0x28 c:/nxp/lpcxpresso_6.1.4_194/lpcxpresso/tools/bin/../lib/gcc/arm-none-eabi/4.6.2/../../../../arm-none-eabi/lib/armv7-m\libc.a(lib_a-callocr.o)
 .debug_frame   0x0000247c       0x50 c:/nxp/lpcxpresso_6.1.4_194/lpcxpresso/tools/bin/../lib/gcc/arm-none-eabi/4.6.2/../../../../arm-none-eabi/lib/armv7-m\libc.a(lib_a-freer.o)
 .debug_frame   0x000024cc       0x2c c:/nxp/lpcxpresso_6.1.4_194/lpcxpresso/tools/bin/../lib/gcc/arm-none-eabi/4.6.2/../../../../arm-none-eabi/lib/armv7-m\libc.a(lib_a-memmove.o)
 .debug_frame   0x000024f8       0x38 c:/nxp/lpcxpresso_6.1.4_194/lpcxpresso/tools/bin/../lib/gcc/arm-none-eabi/4.6.2/../../../../arm-none-eabi/lib/armv7-m\libc.a(lib_a-reallocr.o)
 .debug_frame   0x00002530       0x68 c:/nxp/lpcxpresso_6.1.4_194/lpcxpresso/tools/bin/../lib/gcc/arm-none-eabi/4.6.2/../../../../arm-none-eabi/lib/armv7-m\libc.a(lib_a-reent.o)
 .debug_frame   0x00002598       0x20 c:/nxp/lpcxpresso_6.1.4_194/lpcxpresso/tools/bin/../lib/gcc/arm-none-eabi/4.6.2/../../../../arm-none-eabi/lib/armv7-m\libm.a(lib_a-s_fabs.o)
 .debug_frame   0x000025b8       0x2c c:/nxp/lpcxpresso_6.1.4_194/lpcxpresso/tools/bin/../lib/gcc/arm-none-eabi/4.6.2/../../../../arm-none-eabi/lib/armv7-m\libcr_newlib_semihost.a(_cr_sbrk.o)
 .debug_frame   0x000025e4       0x20 c:/nxp/lpcxpresso_6.1.4_194/lpcxpresso/tools/bin/../lib/gcc/arm-none-eabi/4.6.2/../../../../arm-none-eabi/lib/armv7-m\libcr_newlib_semihost.a(_cr_check_heap.o)
 .debug_frame   0x00002604       0x20 c:/nxp/lpcxpresso_6.1.4_194/lpcxpresso/tools/bin/../lib/gcc/arm-none-eabi/4.6.2/../../../../arm-none-eabi/lib/armv7-m\libc.a(lib_a-errno.o)

.debug_pubnames
                0x00000000       0x68
 .debug_pubnames
                0x00000000       0x2e c:/nxp/lpcxpresso_6.1.4_194/lpcxpresso/tools/bin/../lib/gcc/arm-none-eabi/4.6.2/../../../../arm-none-eabi/lib/armv7-m\libcr_newlib_semihost.a(_cr_sbrk.o)
 .debug_pubnames
                0x0000002e       0x3a c:/nxp/lpcxpresso_6.1.4_194/lpcxpresso/tools/bin/../lib/gcc/arm-none-eabi/4.6.2/../../../../arm-none-eabi/lib/armv7-m\libcr_newlib_semihost.a(_cr_check_heap.o)

.debug_pubtypes
                0x00000000       0x1d
 .debug_pubtypes
                0x00000000       0x1d c:/nxp/lpcxpresso_6.1.4_194/lpcxpresso/tools/bin/../lib/gcc/arm-none-eabi/4.6.2/../../../../arm-none-eabi/lib/armv7-m\libcr_newlib_semihost.a(_cr_sbrk.o)
